Archive member included to satisfy reference by file (symbol)

c:/toolchain_generic/6.2_2016q4/arm-none-eabi/lib/newlib-nano-2.1-nds/\libtoolchaingen9.a(dswnifi_lib.o)
                              build/dswnifi.o (getMULTIMode)
c:/toolchain_generic/6.2_2016q4/arm-none-eabi/lib/newlib-nano-2.1-nds/\libtoolchaingen9.a(consoleTGDS.o)
                              build/gui_console_connector.o (InitializeConsole)
c:/toolchain_generic/6.2_2016q4/arm-none-eabi/lib/newlib-nano-2.1-nds/\libtoolchaingen9.a(katakana_12.o)
                              c:/toolchain_generic/6.2_2016q4/arm-none-eabi/lib/newlib-nano-2.1-nds/\libtoolchaingen9.a(consoleTGDS.o) (katakana_12_font)
c:/toolchain_generic/6.2_2016q4/arm-none-eabi/lib/newlib-nano-2.1-nds/\libtoolchaingen9.a(trebuchet_9.o)
                              c:/toolchain_generic/6.2_2016q4/arm-none-eabi/lib/newlib-nano-2.1-nds/\libtoolchaingen9.a(consoleTGDS.o) (trebuchet_9_font)
c:/toolchain_generic/6.2_2016q4/arm-none-eabi/lib/newlib-nano-2.1-nds/\libtoolchaingen9.a(guiTGDS.o)
                              build/main.o (GUI_init)
c:/toolchain_generic/6.2_2016q4/arm-none-eabi/lib/newlib-nano-2.1-nds/\libtoolchaingen9.a(gui_widgets.o)
                              c:/toolchain_generic/6.2_2016q4/arm-none-eabi/lib/newlib-nano-2.1-nds/\libtoolchaingen9.a(guiTGDS.o) (GUIStatic_handler)
c:/toolchain_generic/6.2_2016q4/arm-none-eabi/lib/newlib-nano-2.1-nds/\libtoolchaingen9.a(snemul_str_cat.o)
                              c:/toolchain_generic/6.2_2016q4/arm-none-eabi/lib/newlib-nano-2.1-nds/\libtoolchaingen9.a(guiTGDS.o) (g_snemulds_str_cat)
c:/toolchain_generic/6.2_2016q4/arm-none-eabi/lib/newlib-nano-2.1-nds/\libtoolchaingen9.a(snemul_str_dan.o)
                              c:/toolchain_generic/6.2_2016q4/arm-none-eabi/lib/newlib-nano-2.1-nds/\libtoolchaingen9.a(guiTGDS.o) (g_snemulds_str_dan)
c:/toolchain_generic/6.2_2016q4/arm-none-eabi/lib/newlib-nano-2.1-nds/\libtoolchaingen9.a(snemul_str_eng.o)
                              c:/toolchain_generic/6.2_2016q4/arm-none-eabi/lib/newlib-nano-2.1-nds/\libtoolchaingen9.a(guiTGDS.o) (g_snemulds_str_eng)
c:/toolchain_generic/6.2_2016q4/arm-none-eabi/lib/newlib-nano-2.1-nds/\libtoolchaingen9.a(snemul_str_fr.o)
                              c:/toolchain_generic/6.2_2016q4/arm-none-eabi/lib/newlib-nano-2.1-nds/\libtoolchaingen9.a(guiTGDS.o) (g_snemulds_str_fr)
c:/toolchain_generic/6.2_2016q4/arm-none-eabi/lib/newlib-nano-2.1-nds/\libtoolchaingen9.a(snemul_str_ger.o)
                              c:/toolchain_generic/6.2_2016q4/arm-none-eabi/lib/newlib-nano-2.1-nds/\libtoolchaingen9.a(guiTGDS.o) (g_snemulds_str_ger)
c:/toolchain_generic/6.2_2016q4/arm-none-eabi/lib/newlib-nano-2.1-nds/\libtoolchaingen9.a(snemul_str_ita.o)
                              c:/toolchain_generic/6.2_2016q4/arm-none-eabi/lib/newlib-nano-2.1-nds/\libtoolchaingen9.a(guiTGDS.o) (g_snemulds_str_ita)
c:/toolchain_generic/6.2_2016q4/arm-none-eabi/lib/newlib-nano-2.1-nds/\libtoolchaingen9.a(snemul_str_jpn.o)
                              c:/toolchain_generic/6.2_2016q4/arm-none-eabi/lib/newlib-nano-2.1-nds/\libtoolchaingen9.a(guiTGDS.o) (g_snemulds_str_jpn)
c:/toolchain_generic/6.2_2016q4/arm-none-eabi/lib/newlib-nano-2.1-nds/\libtoolchaingen9.a(snemul_str_nl.o)
                              c:/toolchain_generic/6.2_2016q4/arm-none-eabi/lib/newlib-nano-2.1-nds/\libtoolchaingen9.a(guiTGDS.o) (g_snemulds_str_nl)
c:/toolchain_generic/6.2_2016q4/arm-none-eabi/lib/newlib-nano-2.1-nds/\libtoolchaingen9.a(snemul_str_pol.o)
                              c:/toolchain_generic/6.2_2016q4/arm-none-eabi/lib/newlib-nano-2.1-nds/\libtoolchaingen9.a(guiTGDS.o) (g_snemulds_str_pol)
c:/toolchain_generic/6.2_2016q4/arm-none-eabi/lib/newlib-nano-2.1-nds/\libtoolchaingen9.a(snemul_str_pt.o)
                              c:/toolchain_generic/6.2_2016q4/arm-none-eabi/lib/newlib-nano-2.1-nds/\libtoolchaingen9.a(guiTGDS.o) (g_snemulds_str_pt)
c:/toolchain_generic/6.2_2016q4/arm-none-eabi/lib/newlib-nano-2.1-nds/\libtoolchaingen9.a(snemul_str_spa.o)
                              c:/toolchain_generic/6.2_2016q4/arm-none-eabi/lib/newlib-nano-2.1-nds/\libtoolchaingen9.a(guiTGDS.o) (g_snemulds_str_spa)
c:/toolchain_generic/6.2_2016q4/arm-none-eabi/lib/newlib-nano-2.1-nds/\libtoolchaingen9.a(fsfatlayerTGDS.o)
                              build/main.o (FS_init)
c:/toolchain_generic/6.2_2016q4/arm-none-eabi/lib/newlib-nano-2.1-nds/\libtoolchaingen9.a(dldi.o)
                              c:/toolchain_generic/6.2_2016q4/arm-none-eabi/lib/newlib-nano-2.1-nds/\libtoolchaingen9.a(fsfatlayerTGDS.o) (dldiGet)
c:/toolchain_generic/6.2_2016q4/arm-none-eabi/lib/newlib-nano-2.1-nds/\libtoolchaingen9.a(ff.o)
                              c:/toolchain_generic/6.2_2016q4/arm-none-eabi/lib/newlib-nano-2.1-nds/\libtoolchaingen9.a(fsfatlayerTGDS.o) (f_mount)
c:/toolchain_generic/6.2_2016q4/arm-none-eabi/lib/newlib-nano-2.1-nds/\libtoolchaingen9.a(ffunicode.o)
[...]
Memory Configuration

Name             Origin             Length             Attributes
DTCM             0x0b000000         0x00004000
ITCM             0x01ff8300         0x00007d00
VECTORS          0x01ff8000         0x00000300
GBAROM           0x08000000         0x02000000
EWRAM            0x02000000         0x00400000
GBAEW            0x02000000         0x00040000
*default*        0x00000000         0xffffffff

Linker script and memory map

                0x01ff8300                _itcm_start = ORIGIN (ITCM)
                0x02000000                _itcm_end = (ORIGIN (ITCM) + LENGTH (ITCM))
                0x01ff8000                _vector_start = ORIGIN (VECTORS)
                0x01ff8300                _vector_end = (ORIGIN (VECTORS) + LENGTH (VECTORS))
                0x02000000                _ewram_start = ORIGIN (EWRAM)
                0x02400000                _ewram_end = (ORIGIN (EWRAM) + LENGTH (EWRAM))
                0x08000000                _gba_start = ORIGIN (GBAROM)
                0x0a000000                _gba_end = (ORIGIN (GBAROM) + LENGTH (GBAROM))
                0x02000000                _gbawram_start = ORIGIN (GBAEW)
                0x02040000                _gbawram_end = (ORIGIN (GBAEW) + LENGTH (GBAEW))
                0x0b000000                _dtcm_start = ORIGIN (DTCM)
                0x0b004000                _dtcm_end = (ORIGIN (DTCM) + LENGTH (DTCM))
                0x0b003ff8                _arm9_irqcheckbits = (ORIGIN (DTCM) + 0x3ff8)
                0x0b003ffc                _arm9_irqhandler = (ORIGIN (DTCM) + 0x3ffc)
                0x0b003e00                sp_SVC = (_dtcm_end - 0x200)
                0x0b003c00                sp_IRQ = (sp_SVC - 0x200)
                0x0b003a00                sp_FIQ = (sp_IRQ - 0x200)
                0x0b003800                sp_ABT = (sp_FIQ - 0x200)
                0x0b003600                sp_UND = (sp_ABT - 0x200)
                0x0b003400                sp_USR = (sp_UND - 0x200)
                0x0b003200                sp_SYS = (sp_USR - 0x200)
                0x0b002200                sp_IRQCHANDLER = (sp_SYS - 0x1000)

.init           0x02000000      0x198
                0x02000000                __init_start__ = .
 *(.init*)
 .init          0x02000000      0x17c ./build/nds_arm_ld_crt0.o
                0x02000000                _start
 .init          0x0200017c        0xc c:/toolchain_generic/6.2_2016q4/bin/../lib/gcc/arm-none-eabi/6.2.1/crti.o
                0x0200017c                _init
 .init_array    0x02000188        0x4 c:/toolchain_generic/6.2_2016q4/bin/../lib/gcc/arm-none-eabi/6.2.1/crtbegin.o
 .init          0x0200018c        0xc c:/toolchain_generic/6.2_2016q4/bin/../lib/gcc/arm-none-eabi/6.2.1/crtn.o
                0x02000198                . = ALIGN (0x4)
                0x02000198                __init_end__ = .
                0x02000198                __preinit_array_start__ = .

.preinit_array  0x02000198        0x0
 *(.preinit_array*)
                0x02000198                . = ALIGN (0x4)
                0x02000198                __preinit_array_end__ = .
                0x02000198                __init_array_start__ = .

.init_array     0x02000198        0x0
 *(.init_array*)
                0x02000198                . = ALIGN (0x4)
                0x02000198                init_array_end__ = .
                0x02000198                __fini_array_start__ = .

.fini_array     0x02000198        0x4
 *(.fini_array*)
 .fini_array    0x02000198        0x4 c:/toolchain_generic/6.2_2016q4/bin/../lib/gcc/arm-none-eabi/6.2.1/crtbegin.o
                0x0200019c                . = ALIGN (0x4)
                0x0200019c                __fini_array_end__ = .
                0x0200019c                __text_start__ = .

.text           0x020001c0    0x2adec
 *(.text)
 .text          0x020001c0        0x0 ./build/nds_arm_ld_crt0.o
 .text          0x020001c0        0x0 c:/toolchain_generic/6.2_2016q4/bin/../lib/gcc/arm-none-eabi/6.2.1/crti.o
 .text          0x020001c0       0xbc c:/toolchain_generic/6.2_2016q4/bin/../lib/gcc/arm-none-eabi/6.2.1/crtbegin.o
 .text          0x0200027c        0x0 build/main.o
 .text          0x0200027c        0x0 build/Interrupts_app9.o
 .text          0x0200027c       0x30 build/gui_console_connector.o
                0x0200027c                getProjectSpecificVRAMSetup
                0x02000284                InitProjectSpecificConsole
 .text          0x020002ac        0x0 build/dswnifi.o
 .text          0x020002ac       0x28 build/specific_shared.o
                0x020002ac                getsIPCSharedTGDSSpecific
 .text          0x020002d4      0xef0 c:/toolchain_generic/6.2_2016q4/arm-none-eabi/lib/newlib-nano-2.1-nds/\libtoolchaingen9.a(dswnifi_lib.o)
                0x020002d4                remotePipeCleanUp
                0x020002d8                remoteTcpCleanUp
                0x02000318                remoteTcpSend
                0x02000334                remoteTcpRecv
                0x02000350                remotePipeSend
                0x02000360                remotePipeRecv
                0x02000370                remotePipeInit
                0x020003a4                remoteTcpInit
                0x0200050c                Timer_10ms
                0x02000514                initNiFi
                0x02000570                HandleSendUserspace
                0x0200059c                getDSWNIFIStr
                0x020005a8                gdbNdsStart
                0x02000614                switch_dswnifi_mode
                0x02000704                remoteSetPort
                0x02000714                remoteSetProtocol
                0x02000754                remoteInit
                0x02000778                remotePutPacket
                0x02000854                remoteOutput
                0x020008fc                remoteSendSignal
                0x02000938                remoteSendStatus
                0x02000a04                remoteBinaryWrite
                0x02000aa8                remoteMemoryWrite
                0x02000b68                remoteMemoryRead
                0x02000c08                remoteStepOverRange
                0x02000c54                remoteWriteWatch
                0x02000d44                remoteReadRegisters
                0x02000e40                remoteWriteRegister
                0x02000e74                remoteStubMain
                0x02001164                remoteStubSignal
                0x02001184                remoteCleanUp
                0x020011ac                debuggerReadMemory
                0x020011b4                debuggerReadHalfWord
                0x020011bc                debuggerReadByte
 .text          0x020011c4      0xaa0 c:/toolchain_generic/6.2_2016q4/arm-none-eabi/lib/newlib-nano-2.1-nds/\libtoolchaingen9.a(consoleTGDS.o)
                0x020011c4                _glyph_loadline_1
                0x0200120c                _glyph_loadline_2
                0x02001258                _glyph_loadline_8
                0x0200127c                UpdateConsoleSettings
                0x02001324                InitializeConsole
                0x02001334                SetEngineConsole
                0x0200133c                consoleClear
                0x02001370                GUI_clearScreen
                0x020013b4                GUI_drawVChar
                0x02001664                GUI_drawText
                0x02001764                GUI_getStrWidth
                0x02001840                GUI_getFontHeight
                0x02001850                GUI_getZoneTextHeight
                0x02001874                GUI_drawAlignText
                0x02001a58                GUI_printf
                0x02001af4                GUI_printf2
                0x02001b84                GUI_align_printf
                0x02001c18                GUI_clear
                0x02001c60                clrscr
 .text          0x02001c64        0x0 c:/toolchain_generic/6.2_2016q4/arm-none-eabi/lib/newlib-nano-2.1-nds/\libtoolchaingen9.a(katakana_12.o)
 .text          0x02001c64        0x0 c:/toolchain_generic/6.2_2016q4/arm-none-eabi/lib/newlib-nano-2.1-nds/\libtoolchaingen9.a(trebuchet_9.o)
 .text          0x02001c64     0x15ac c:/toolchain_generic/6.2_2016q4/arm-none-eabi/lib/newlib-nano-2.1-nds/\libtoolchaingen9.a(guiTGDS.o)
                0x02001c64                GUI_newScreen
                0x02001c9c                GUI_setZone
                0x02001cec                GUI_linkObject
                0x02001cfc                GUI_loadPalette
                0x02001da0                GUI_loadImage
                0x02001e54                GUI_addImage
                0x02001e84                GUI_deleteImage
                0x02001e88                GUI_drawHLine
                0x02001efc                GUI_drawVLine
                0x02001fb0                GUI_drawRect
                0x02002028                GUI_drawBar
                0x020020d8                GUI_drawImage
                0x020021dc                GUI_sendMessage
                0x02002230                GUI_dispatchMessageNow
                0x020022a0                GUI_dispatchMessage
                0x020022b4                GUI_setFocus
                0x02002370                GUI_clearFocus
                0x020023d0                GUI_dispatchEvent
                0x020026f0                GUI_drawScreen
                0x02002798                GUI_update
                0x020029bc                GUI_start
                0x020029f4                GUI_init
                0x02002a30                GUI_newImageList
                0x02002a54                GUI_switchScreen
                0x02002a74                sort_strcmp
                0x02002a80                GUI_buildCStatic
                0x02002ae8                GUI_buildLStatic
                0x02002b5c                GUI_buildRStatic
                0x02002bd0                GUI_buildChoice
                0x02002c48                buildMenu
                0x02002f90                GUI_setLanguage
 .text          0x02003210      0xebc c:/toolchain_generic/6.2_2016q4/arm-none-eabi/lib/newlib-nano-2.1-nds/\libtoolchaingen9.a(gui_widgets.o)
                0x02003210                GUIList_handler
                0x020034f0                GUIScrollBar_handler
                0x02003750                GUIStatic_handler
                0x020037b0                GUIButton_handler
                0x02003a1c                GUIStrButton_handler
                0x02003a94                GUIStaticEx_handler
                0x02003b18                GUI_linkStrButton
                0x02003b40                GUIChoiceButton_handler
                0x02003c1c                GUIImgButton_handler
                0x02003ca8                GUIImage_handler
                0x02003cf4                GUI_newSelector
                0x02003ea0                GUISelector_getSelected
                0x02003ed4                GUI_deleteSelector
                0x02003f0c                GUI_newList
                0x02004088                GUI_setItem
                0x020040a4                GUI_deleteList
 .text          0x020040cc        0x0 c:/toolchain_generic/6.2_2016q4/arm-none-eabi/lib/newlib-nano-2.1-nds/\libtoolchaingen9.a(snemul_str_cat.o)
 .text          0x020040cc        0x0 c:/toolchain_generic/6.2_2016q4/arm-none-eabi/lib/newlib-nano-2.1-nds/\libtoolchaingen9.a(snemul_str_dan.o)
 .text          0x020040cc        0x0 c:/toolchain_generic/6.2_2016q4/arm-none-eabi/lib/newlib-nano-2.1-nds/\libtoolchaingen9.a(snemul_str_eng.o)
 .text          0x020040cc        0x0 c:/toolchain_generic/6.2_2016q4/arm-none-eabi/lib/newlib-nano-2.1-nds/\libtoolchaingen9.a(snemul_str_fr.o)
 .text          0x020040cc        0x0 c:/toolchain_generic/6.2_2016q4/arm-none-eabi/lib/newlib-nano-2.1-nds/\libtoolchaingen9.a(snemul_str_ger.o)
 .text          0x020040cc        0x0 c:/toolchain_generic/6.2_2016q4/arm-none-eabi/lib/newlib-nano-2.1-nds/\libtoolchaingen9.a(snemul_str_ita.o)
 .text          0x020040cc        0x0 c:/toolchain_generic/6.2_2016q4/arm-none-eabi/lib/newlib-nano-2.1-nds/\libtoolchaingen9.a(snemul_str_jpn.o)
 .text          0x020040cc        0x0 c:/toolchain_generic/6.2_2016q4/arm-none-eabi/lib/newlib-nano-2.1-nds/\libtoolchaingen9.a(snemul_str_nl.o)
 .text          0x020040cc        0x0 c:/toolchain_generic/6.2_2016q4/arm-none-eabi/lib/newlib-nano-2.1-nds/\libtoolchaingen9.a(snemul_str_pol.o)
 .text          0x020040cc        0x0 c:/toolchain_generic/6.2_2016q4/arm-none-eabi/lib/newlib-nano-2.1-nds/\libtoolchaingen9.a(snemul_str_pt.o)
 .text          0x020040cc        0x0 c:/toolchain_generic/6.2_2016q4/arm-none-eabi/lib/newlib-nano-2.1-nds/\libtoolchaingen9.a(snemul_str_spa.o)
 .text          0x020040cc     0x14d4 c:/toolchain_generic/6.2_2016q4/arm-none-eabi/lib/newlib-nano-2.1-nds/\libtoolchaingen9.a(fsfatlayerTGDS.o)
                0x02004148                getfatfsPath
                0x02004178                fresult2errno
                0x02004190                flags2mode
                0x020041dc                fatfs_fildir_alloc
                0x02004260                fatfs_free
                0x0200429c                fatfs_write
                0x020043a8                fatfs_read
                0x02004460                fatfs_close
                0x0200453c                fill_stat
                0x0200459c                fill_fd_fil
                0x02004604                fill_fd_dir
                0x0200466c                fill_fd
                0x0200468c                fatfs_open_file
                0x02004770                fatfs_open_dir
                0x02004824                fatfs_open_file_or_dir
                0x02004898                get_fattime
                0x020048d8                fatfs_open
                0x020048fc                fatfs_lseek
                0x020049c8                fatfs_unlink
                0x02004a04                fatfs_link
                0x02004a1c                fatfs_rename
                0x02004a58                fatfs_fsync
                0x02004af4                fatfs_stat
                0x02004b50                fatfs_mkdir
                0x02004b8c                fatfs_rmdir
                0x02004be0                fatfs_chdir
                0x02004c1c                fatfs_getcwd
                0x02004c5c                fatfs_opendir
                0x02004ca0                fatfs_dirfd
                0x02004cdc                fatfs_fdopendir
                0x02004d30                fatfs_readdir_r
                0x02004de8                fatfs_readdir
                0x02004e48                fatfs_rewinddir
                0x02004e84                fatfs_tell
                0x02004ecc                fatfs_seekdir
                0x02004fac                fatfs_init
                0x02004fcc                FS_init
                0x02004fd0                fatfs_deinit
                0x02004fec                FS_deinit
                0x02004ff0                _fstat_r
                0x0200505c                rename
                0x02005060                fsync
                0x02005064                mkdir
                0x02005068                rmdir
                0x0200506c                chdir
                0x02005070                getcwd
                0x02005074                opendir
                0x02005078                closedir
                0x02005088                fatfs_closedir
                0x0200508c                readdir
                0x02005090                readdir_r
                0x02005094                rewinddir
                0x02005098                dirfd
                0x0200509c                fdopendir
                0x020050a0                seekdir
                0x020050a4                setLFN
                0x020050dc                getLFN
                0x02005114                getFirstFileFILINFO
                0x02005164                getNextFileFILINFO
                0x020051f0                getFirstFile
                0x0200528c                getNextFile
                0x02005398                FAT_FindNextFile
                0x02005410                updateCurDir
                0x02005440                FAT_FindFirstFile
                0x020054d0                clust2sect
                0x020054f4                getStructFDFirstCluster
                0x0200551c                getStructFDSectorOffset
                0x02005564                getDiskClusterSize
                0x02005574                getDiskClusterSizeBytes
                0x02005588                getDiskSectorSize
                0x02005590                dldi_tryingInterface
 .text          0x020055a0       0x50 c:/toolchain_generic/6.2_2016q4/arm-none-eabi/lib/newlib-nano-2.1-nds/\libtoolchaingen9.a(dldi.o)
                0x020055a0                dldiGetInternal
                0x020055e4                dldiGet
 .text          0x020055f0     0x46a4 c:/toolchain_generic/6.2_2016q4/arm-none-eabi/lib/newlib-nano-2.1-nds/\libtoolchaingen9.a(ff.o)
                0x02007ad8                f_mount
                0x02007b6c                f_open
                0x02007ee8                f_read
                0x02008138                f_write
                0x020084ac                f_sync
                0x020085d8                f_close
                0x0200860c                f_chdrive
                0x02008644                f_chdir
                0x02008704                f_getcwd
                0x02008970                f_lseek
                0x02008c0c                f_opendir
                0x02008cf8                f_closedir
                0x02008d1c                f_readdir
                0x02008da0                f_findnext
                0x02008e0c                f_findfirst
                0x02008e3c                f_stat
                0x02008ec0                f_getfree
                0x02009064                f_truncate
                0x020091b4                f_unlink
                0x02009300                f_mkdir
                0x02009544                f_rename
                0x02009734                f_gets
                0x020097b0                f_putc
                0x020097e4                f_puts
                0x02009840                f_printf
 .text          0x02009c94      0x1fc c:/toolchain_generic/6.2_2016q4/arm-none-eabi/lib/newlib-nano-2.1-nds/\libtoolchaingen9.a(ffunicode.o)
                0x02009c94                ff_uni2oem
                0x02009cf8                ff_oem2uni
                0x02009d34                ff_wtoupper
 .text          0x02009e90       0xdc c:/toolchain_generic/6.2_2016q4/arm-none-eabi/lib/newlib-nano-2.1-nds/\libtoolchaingen9.a(compress.o)
                0x02009e90                compress2
                0x02009f3c                compress
                0x02009f58                compressBound
 .text          0x02009f6c     0x2c38 c:/toolchain_generic/6.2_2016q4/arm-none-eabi/lib/newlib-nano-2.1-nds/\libtoolchaingen9.a(deflate.o)
                0x0200afc4                deflateSetDictionary
                0x0200b0dc                deflateReset
                0x0200b22c                deflateSetHeader
                0x0200b260                deflatePrime
                0x0200b29c                deflateTune
                0x0200b2d4                deflateBound
                0x0200b3e8                deflate
                0x0200c528                deflateParams
                0x0200c630                deflateEnd
                0x0200c734                deflateInit2_
                0x0200c9b4                deflateInit_
                0x0200c9e4                deflateCopy
 .text          0x0200cba4     0x1ebc c:/toolchain_generic/6.2_2016q4/arm-none-eabi/lib/newlib-nano-2.1-nds/\libtoolchaingen9.a(trees.o)
                0x0200de6c                _tr_init
                0x0200df3c                _tr_stored_block
                0x0200e090                _tr_align
                0x0200e2a4                _tr_flush_block
                0x0200e9a8                _tr_tally
 .text          0x0200ea60       0xc4 c:/toolchain_generic/6.2_2016q4/arm-none-eabi/lib/newlib-nano-2.1-nds/\libtoolchaingen9.a(uncompr.o)
                0x0200ea60                uncompress
 .text          0x0200eb24       0x38 c:/toolchain_generic/6.2_2016q4/arm-none-eabi/lib/newlib-nano-2.1-nds/\libtoolchaingen9.a(zutil.o)
                0x0200eb24                zlibVersion
                0x0200eb30                zlibCompileFlags
                0x0200eb38                zError
                0x0200eb4c                zcalloc
                0x0200eb54                zcfree
 .text          0x0200eb5c      0xd8c c:/toolchain_generic/6.2_2016q4/arm-none-eabi/lib/newlib-nano-2.1-nds/\libtoolchaingen9.a(sgIP_DNS.o)
                0x0200ec10                sgIP_DNS_Init
                0x0200ec4c                sgIP_DNS_Timer1000ms
                0x0200eca8                sgIP_DNS_isipaddress
                0x0200ef38                sgIP_DNS_FindDNSRecord
                0x0200f074                sgIP_DNS_GetUnusedRecord
                0x0200f128                sgIP_DNS_GenerateHostent
                0x0200f258                sgIP_DNS_CopyAliasAt
                0x0200f2f8                sgIP_DNS_gethostbyname
                0x0200f884                inet_addr
                0x0200f8a8                inet_aton
                0x0200f8d4                inet_ntoa
 .text          0x0200f8e8      0x340 c:/toolchain_generic/6.2_2016q4/arm-none-eabi/lib/newlib-nano-2.1-nds/\libtoolchaingen9.a(sgIP_Hub.o)
                0x0200f8e8                sgIP_Hub_Init
                0x0200f900                sgIP_Hub_AddProtocolInterface
                0x0200f968                sgIP_Hub_AddHardwareInterface
                0x0200f9cc                sgIP_Hub_RemoveProtocolInterface
                0x0200fa04                sgIP_Hub_RemoveHardwareInterface
                0x0200fa3c                sgIP_Hub_ReceiveHardwarePacket
                0x0200faf8                sgIP_Hub_SendProtocolPacket
                0x0200fb7c                sgIP_Hub_SendRawPacket
                0x0200fbc4                sgIP_Hub_IPMaxMessageSize
                0x0200fbd0                sgIP_Hub_GetCompatibleIP
                0x0200fbe8                sgIP_Hub_GetDefaultInterface
                0x0200fc00                htons
                0x0200fc14                htonl
 .text          0x0200fc28      0x444 c:/toolchain_generic/6.2_2016q4/arm-none-eabi/lib/newlib-nano-2.1-nds/\libtoolchaingen9.a(sgIP_memblock.o)
                0x0200fc28                sgIP_memblock_Init
                0x0200fc2c                sgIP_memblock_allocHW
                0x0200fc6c                sgIP_memblock_alloc
                0x0200fc78                sgIP_memblock_free
                0x0200fcbc                sgIP_memblock_exposeheader
                0x0200fd04                sgIP_memblock_trimsize
                0x0200fd60                sgIP_memblock_IPChecksum
                0x0200feec                sgIP_memblock_CopyToLinear
                0x0200ffa8                sgIP_memblock_CopyFromLinear
                0x02010064                sgIP_memblock_CopyBlock
 .text          0x0201006c     0x1124 c:/toolchain_generic/6.2_2016q4/arm-none-eabi/lib/newlib-nano-2.1-nds/\libtoolchaingen9.a(sgIP_sockets.o)
                0x0201006c                sgIP_sockets_Init
                0x02010090                spawn_socket
                0x02010104                kill_socket
                0x02010150                socket
                0x02010234                forceclosesocket
                0x020102ac                sgIP_sockets_Timer1000ms
                0x0201033c                bind
                0x020103e0                connect
                0x020104f4                send
                0x020105b8                recv
                0x0201067c                sendto
                0x02010738                recvfrom
                0x0201083c                listen
                0x020108cc                accept
                0x020109e4                shutdown
                0x02010a6c                closesocket
                0x02010b30                ioctl
                0x02010c40                setsockopt
                0x02010c48                getsockopt
                0x02010c50                getpeername
                0x02010d58                getsockname
                0x02010e5c                gethostbyname
                0x02010e60                select
 .text          0x02011190     0x1d60 c:/toolchain_generic/6.2_2016q4/arm-none-eabi/lib/newlib-nano-2.1-nds/\libtoolchaingen9.a(wifi_arm9.o)
                0x02011190                Wifi_Interface_Init
                0x02011210                Wifi_TransmitFunction
                0x02011614                arm9_synctoarm7
                0x0201162c                sgIP_IntrWaitEvent
                0x02011630                wHeapAllocInit
                0x02011684                wHeapAlloc
                0x020117e0                wHeapFree
                0x02011814                sgIP_malloc
                0x02011818                sgIP_free
                0x0201184c                ethhdr_print
                0x02011850                erasemem
                0x02011870                Wifi_CopyMacAddr
                0x0201188c                Wifi_CmpMacAddr
                0x020118cc                Wifi_TxBufferWordsAvailable
                0x020118fc                Wifi_TxBufferWrite
                0x0201197c                Wifi_RxRawReadPacket
                0x02011a10                Wifi_RxReadOffset
                0x02011a48                Wifi_RawTxFrame
                0x02011c08                Wifi_RawSetPacketHandler
                0x02011c18                Wifi_SetSyncHandler
                0x02011c28                Wifi_DisableWifi
                0x02011c5c                Wifi_EnableWifi
                0x02011c90                Wifi_SetPromiscuousMode
                0x02011cc8                Wifi_ScanMode
                0x02011cfc                Wifi_SetChannel
                0x02011d44                Wifi_GetNumAP
                0x02011d8c                Wifi_GetAPData
                0x02011e68                Wifi_FindMatchingAP
                0x02012034                Wifi_ConnectAP
                0x020121c4                Wifi_AutoConnect
                0x020121fc                Wifi_AssocStatus
                0x02012654                Wifi_DisconnectAP
                0x020126a0                Wifi_Init
                0x02012760                Wifi_CheckInit
                0x02012794                Wifi_Update
                0x02012b68                Wifi_Timer
                0x02012b80                Wifi_GetIP
                0x02012b98                Wifi_GetIPInfo
                0x02012c20                Wifi_SetIP
                0x02012c5c                Wifi_SetDHCP
                0x02012c60                Wifi_GetData
                0x02012ce4                Wifi_GetStats
                0x02012d1c                Wifi_Sync
                0x02012d40                Timer_50ms
                0x02012d54                Wifi_InitDefault
                0x02012e60                WNifi_InitSafeDefault
 .text          0x02012ef0      0x108 c:/toolchain_generic/6.2_2016q4/arm-none-eabi/lib/newlib-nano-2.1-nds/\libtoolchaingen9.a(keypadTGDS.o)
                0x02012ef0                KEYCNT_READ
                0x02012f48                do_keys
                0x02012f68                keysPressed
                0x02012f78                keysReleased
                0x02012f90                keysHeld
                0x02012fa4                keysRepeated
                0x02012fb8                touchScrRead
 .text          0x02012ff8      0x22c c:/toolchain_generic/6.2_2016q4/arm-none-eabi/lib/newlib-nano-2.1-nds/\libtoolchaingen9.a(posixHandleTGDS.o)
                0x02012ff8                abort
                0x02012ffc                fork
                0x02013004                _exit
                0x02013008                _kill
                0x0201300c                _getpid
                0x02013010                _read_r
                0x0201306c                _write_r
                0x020130c8                _open_r
                0x02013184                _close_r
                0x020131d0                close
                0x020131dc                _close
                0x020131e0                _isatty
                0x020131e8                _end
                0x020131f0                _lseek_r
                0x02013200                _link
                0x02013204                _unlink
                0x02013210                _stat_r
                0x0201321c                _gettimeofday
 .text          0x02013224       0x58 c:/toolchain_generic/6.2_2016q4/arm-none-eabi/lib/newlib-nano-2.1-nds/\libtoolchaingen9.a(wifi_shared.o)
                0x02013224                DeInitWIFI
 .text          0x0201327c      0x128 c:/toolchain_generic/6.2_2016q4/arm-none-eabi/lib/newlib-nano-2.1-nds/\libtoolchaingen9.a(biosC.o)
                0x0201327c                swiFastCopy
 .text          0x020133a4      0x1dc c:/toolchain_generic/6.2_2016q4/arm-none-eabi/lib/newlib-nano-2.1-nds/\libtoolchaingen9.a(exceptionTGDS.o)
                0x020133a4                _vfprintf_r
                0x02013428                setupExceptionHandler
                0x0201343c                exception_handler
                0x02013560                exception_sysexit
                0x02013570                exception_data_abort
 .text          0x02013580      0x238 c:/toolchain_generic/6.2_2016q4/arm-none-eabi/lib/newlib-nano-2.1-nds/\libtoolchaingen9.a(initNDSTGDS.o)
                0x02013580                resetMemory_ARMCores
                0x02013724                initHardware
 .text          0x020137b8      0x248 c:/toolchain_generic/6.2_2016q4/arm-none-eabi/lib/newlib-nano-2.1-nds/\libtoolchaingen9.a(memoryHandleTGDS.o)
                0x020137b8                vramHeapAlloc
                0x0201381c                vramHeapFree
                0x02013868                get_arm7_start_address
                0x02013878                get_arm7_end_address
                0x02013888                get_arm7_ext_size
                0x020138a4                get_arm9_start_address
                0x020138b4                get_arm9_end_address
                0x020138c4                get_arm9_ext_size
                0x020138e0                initvramLMALibend
                0x02013908                get_lma_libend
                0x02013914                get_lma_wramend
                0x02013920                get_ewram_start
                0x0201392c                get_ewram_size
                0x02013944                get_itcm_start
                0x02013950                get_itcm_size
                0x02013968                get_dtcm_start
                0x02013974                get_dtcm_size
                0x0201398c                _sbrk
                0x020139e4                _sbrk_r
                0x020139ec                getPrintfBuffer
 .text          0x02013a00      0xa60 c:/toolchain_generic/6.2_2016q4/arm-none-eabi/lib/newlib-nano-2.1-nds/\libtoolchaingen9.a(utilsTGDS.o)
                0x02013a00                ucs2tombs
                0x02013bc8                callback_append_signature
                0x02013bfc                cback_build
                0x02013c1c                cback_build_end
                0x02013c34                callback_export_buffer
                0x02013c64                callback_export_file
                0x02013c70                addAppVersiontoCompiledCode
                0x02013cb8                updateVersionfromCompiledCode
                0x02013d10                updateAssemblyParamsConfig
                0x02013d28                glueARMHandlerConfig
                0x02013d70                str_replace
                0x02013e94                split
                0x02013f90                FS_loadFile
                0x02014018                FS_saveFile
                0x0201408c                FS_getFileSize
                0x020140e4                setBacklight
                0x0201410c                setSoundPower
                0x02014114                FS_lock
                0x02014118                FS_unlock
                0x0201411c                print_ip
                0x02014168                _FS_getFileExtension
                0x02014218                FS_getFileName
                0x02014284                FS_chdir
                0x02014288                FS_getDirectoryList
 .text          0x02014460      0x144 c:/toolchain_generic/6.2_2016q4/arm-none-eabi/lib/newlib-nano-2.1-nds/\libtoolchaingen9.a(InterruptsARMCores_c.o)
                0x02014460                SGIP_INTR_PROTECT
                0x02014464                SGIP_INTR_REPROTECT
                0x02014468                SGIP_INTR_UNPROTECT
                0x0201446c                SGIP_WAITEVENT
                0x02014470                IRQInit
                0x02014518                EnableIrq
                0x02014540                DisableIrq
                0x0201456c                RemoveQueuedIrq
                0x02014588                QueueIrq
 .text          0x020145a4       0x38 c:/toolchain_generic/6.2_2016q4/arm-none-eabi/lib/newlib-nano-2.1-nds/\libtoolchaingen9.a(busTGDS.o)
                0x020145a4                setCpuNdsBusAccessPrio
                0x020145c0                setCpuGbaBusAccessPrio
 .text          0x020145dc       0x4c c:/toolchain_generic/6.2_2016q4/arm-none-eabi/lib/newlib-nano-2.1-nds/\libtoolchaingen9.a(clockTGDS.o)
                0x020145dc                getTime
                0x020145ec                TGDSgetDayOfWeek
                0x02014608                TGDSsetDayOfWeek
 .text          0x02014628       0x10 c:/toolchain_generic/6.2_2016q4/arm-none-eabi/lib/newlib-nano-2.1-nds/\libtoolchaingen9.a(ipcfifoTGDS.o)
                0x02014628                GetSoftFIFOCount
 .text          0x02014638       0x30 c:/toolchain_generic/6.2_2016q4/arm-none-eabi/lib/newlib-nano-2.1-nds/\libtoolchaingen9.a(powerTGDS.o)
                0x02014638                powerON
                0x02014650                powerOFF
 .text          0x02014668       0x64 c:/toolchain_generic/6.2_2016q4/arm-none-eabi/lib/newlib-nano-2.1-nds/\libtoolchaingen9.a(spitscTGDS.o)
                0x02014668                penIRQread
                0x02014678                XYReadScrPos
 .text          0x020146cc       0x60 c:/toolchain_generic/6.2_2016q4/arm-none-eabi/lib/newlib-nano-2.1-nds/\libtoolchaingen9.a(usrsettingsTGDS.o)
                0x020146cc                getFWSettingsstatus
                0x020146e8                getLanguage
                0x0201470c                setFWSettingsstatus
 *fill*         0x0201472c       0x14 ff
 .text          0x02014740     0x8000 c:/toolchain_generic/6.2_2016q4/arm-none-eabi/lib/newlib-nano-2.1-nds/\libtoolchaingen9.a(dldi_stub.o)
                0x02014740                _io_dldi_stub
 .text          0x0201c740       0x5c c:/toolchain_generic/6.2_2016q4/arm-none-eabi/lib/newlib-nano-2.1-nds/\libtoolchaingen9.a(spinlockTGDS.o)
                0x0201c740                SLasm_Acquire
                0x0201c774                SLasm_Release
 .text          0x0201c79c      0x174 c:/toolchain_generic/6.2_2016q4/arm-none-eabi/lib/newlib-nano-2.1-nds/\libtoolchaingen9.a(CP15Opcodes.o)
                0x0201c79c                CP15ControlRegisterEnable
                0x0201c7ac                CP15ControlRegisterDisable
                0x0201c7bc                DrainWriteBuffer
                0x0201c7c8                DTCMDisable
                0x0201c7dc                ITCMDisable
                0x0201c7f0                DTCMEnable
                0x0201c804                ITCMEnable
                0x0201c818                DCacheDisable
                0x0201c828                ICacheDisable
                0x0201c838                DCacheEnable
                0x0201c848                ICacheEnable
                0x0201c858                MProtectionDisable
                0x0201c868                MProtectionEnable
                0x0201c878                MProtectionRegionBase0
                0x0201c880                MProtectionRegionBase1
                0x0201c888                MProtectionRegionBase2
                0x0201c890                MProtectionRegionBase3
                0x0201c898                MProtectionRegionBase4
                0x0201c8a0                MProtectionRegionBase5
                0x0201c8a8                MProtectionRegionBase6
                0x0201c8b0                MProtectionRegionBase7
                0x0201c8b8                WritebufferControl
                0x0201c8c0                RegionDCacheEnable
                0x0201c8c8                RegionICacheEnable
                0x0201c8d0                RegionIAccessPermission
                0x0201c8d8                RegionDAccessPermission
                0x0201c8e0                setitcm
                0x0201c8ec                setdtcm
                0x0201c8fc                MPUSet
 .text          0x0201c910       0x94 c:/toolchain_generic/6.2_2016q4/arm-none-eabi/lib/newlib-nano-2.1-nds/\libtoolchaingen9.a(DebugException.o)
                0x0201c910                DebugException
 .text          0x0201c9a4        0x0 c:/toolchain_generic/6.2_2016q4/arm-none-eabi/lib/newlib-nano-2.1-nds/\libtoolchaingen9.a(biosAsm.o)
 .text          0x0201c9a4        0x0 c:/toolchain_generic/6.2_2016q4/arm-none-eabi/lib/newlib-nano-2.1-nds/\libtoolchaingen9.a(InterruptsARMCores_s.o)
 .text          0x0201c9a4       0x28 c:/toolchain_generic/6.2_2016q4/arm-none-eabi/lib/newlib-nano-2.1-nds/\libtoolchaingen9.a(CP15OpcodesC.o)
                0x0201c9a4                coherent_user_range_by_size
                0x0201c9ac                flush_dcache_all
 .text          0x0201c9cc      0x18c c:/toolchain_generic/6.2_2016q4/arm-none-eabi/lib/newlib-nano-2.1-nds/\libtoolchaingen9.a(nds9_mpu_setup.o)
                0x0201c9cc                EWRAMCached
                0x0201c9ec                EWRAMUncached
                0x0201ca18                updateMPUSetting
                0x0201cab8                set0xFFFF0000FastMPUSettings
 .text          0x0201cb58      0x34c c:/toolchain_generic/6.2_2016q4/arm-none-eabi/lib/newlib-nano-2.1-nds/\libtoolchaingen9.a(videoTGDS.o)
                0x0201cb58                SWAP_LCDS
                0x0201cb70                SET_MAIN_TOP_LCD
                0x0201cb88                SET_MAIN_BOTTOM_LCD
                0x0201cba4                SETDISPCNT_MAIN
                0x0201cbb0                SETDISPCNT_SUB
                0x0201cbc0                VRAMBLOCK_SETBANK_A
                0x0201cbd4                VRAMBLOCK_SETBANK_B
                0x0201cbe8                VRAMBLOCK_SETBANK_C
                0x0201cbfc                VRAMBLOCK_SETBANK_D
                0x0201cc10                VRAMBLOCK_SETBANK_E
                0x0201cc24                VRAMBLOCK_SETBANK_F
                0x0201cc38                VRAMBLOCK_SETBANK_G
                0x0201cc4c                VRAMBLOCK_SETBANK_H
                0x0201cc60                VRAMBLOCK_SETBANK_I
                0x0201cc74                ENABLE_BG_MAIN
                0x0201cc90                ENABLE_BG_SUB
                0x0201ccb0                DISABLE_BG_MAIN
                0x0201cccc                DISABLE_BG_SUB
                0x0201ccec                VRAM_SETUP
                0x0201cdd0                DEFAULT_CONSOLE_VRAMSETUP
                0x0201cdf8                InitDefaultConsole
 .text          0x0201cea4      0x2a4 c:/toolchain_generic/6.2_2016q4/arm-none-eabi/lib/newlib-nano-2.1-nds/\libtoolchaingen9.a(devoptab_devices.o)
                0x0201cea4                open_r_stderr
                0x0201ceac                close_r_stderr
                0x0201ceb4                read_r_stderr
                0x0201cebc                open_r_fatfs
                0x0201cec8                write_r_fatfs
                0x0201cf28                read_r_stdout
                0x0201cf30                close_r_stdin
                0x0201cf38                open_r_stdout
                0x0201cf40                write_r_stderr
                0x0201cf48                open_r_stdin
                0x0201cf50                write_r_stdin
                0x0201cf58                read_r_stdin
                0x0201cf60                write_r_stdout
                0x0201cf68                close_r_stdout
                0x0201cf70                close_r_fatfs
                0x0201cfc0                read_r_fatfs
                0x0201d024                initdevoptab
                0x0201d0c8                open_posix_filedescriptor_devices
                0x0201d108                get_posix_fd_from_devicename
 .text          0x0201d148      0x22c c:/toolchain_generic/6.2_2016q4/arm-none-eabi/lib/newlib-nano-2.1-nds/\libtoolchaingen9.a(fileHandleTGDS.o)
                0x0201d148                fd_struct_get
                0x0201d1ac                file_default_init
                0x0201d21c                FileHandleAlloc
                0x0201d294                FileHandleFree
                0x0201d2dc                getDeviceNameByStructFDIndex
                0x0201d320                getInternalFileDescriptorFromDIR
 .text          0x0201d374       0xd8 c:/toolchain_generic/6.2_2016q4/arm-none-eabi/lib/newlib-nano-2.1-nds/\libtoolchaingen9.a(diskio.o)
                0x0201d374                disk_status
                0x0201d37c                disk_initialize
                0x0201d3c4                disk_read
                0x0201d404                disk_write
                0x0201d444                disk_ioctl
 .text          0x0201d44c      0x400 c:/toolchain_generic/6.2_2016q4/arm-none-eabi/lib/newlib-nano-2.1-nds/\libtoolchaingen9.a(adler32.o)
                0x0201d4fc                adler32
                0x0201d844                adler32_combine
                0x0201d848                adler32_combine64
 .text          0x0201d84c      0x5c0 c:/toolchain_generic/6.2_2016q4/arm-none-eabi/lib/newlib-nano-2.1-nds/\libtoolchaingen9.a(crc32.o)
                0x0201da60                get_crc_table
                0x0201da6c                crc32
                0x0201de04                crc32_combine
                0x0201de08                crc32_combine64
 .text          0x0201de0c     0x22c0 c:/toolchain_generic/6.2_2016q4/arm-none-eabi/lib/newlib-nano-2.1-nds/\libtoolchaingen9.a(inflate.o)
                0x0201df54                inflateReset
                0x0201dfe0                inflateReset2
                0x0201e078                inflateInit2_
                0x0201e164                inflateInit_
                0x0201e174                inflatePrime
                0x0201e1ec                inflate
                0x0201faf0                inflateEnd
                0x0201fb50                inflateSetDictionary
                0x0201fc40                inflateGetHeader
                0x0201fc7c                inflateSync
                0x0201fea8                inflateSyncPoint
                0x0201fee8                inflateCopy
                0x02020044                inflateUndermine
                0x02020074                inflateMark
 .text          0x020200cc      0x5fc c:/toolchain_generic/6.2_2016q4/arm-none-eabi/lib/newlib-nano-2.1-nds/\libtoolchaingen9.a(inftrees.o)
                0x020200cc                inflate_table
 .text          0x020206c8       0xd0 c:/toolchain_generic/6.2_2016q4/arm-none-eabi/lib/newlib-nano-2.1-nds/\libtoolchaingen9.a(sgIP.o)
                0x020206c8                sgIP_Init
                0x02020714                sgIP_Timer
 .text          0x02020798      0x94c c:/toolchain_generic/6.2_2016q4/arm-none-eabi/lib/newlib-nano-2.1-nds/\libtoolchaingen9.a(sgIP_ARP.o)
                0x020208f4                sgIP_FindArpSlot
                0x0202094c                sgIP_GetArpSlot
                0x020209d4                sgIP_is_broadcast_address
                0x020209ec                sgIP_ARP_Check_isok
                0x020209f4                sgIP_ARP_Init
                0x02020a20                sgIP_ARP_FlushInterface
                0x02020a54                sgIP_ARP_ProcessIPFrame
                0x02020a5c                sgIP_ARP_SendARPResponse
                0x02020a74                sgIP_ARP_SendGratARP
                0x02020bc8                sgIP_ARP_SendARPRequest
                0x02020d18                sgIP_ARP_Timer100ms
                0x02020db8                sgIP_ARP_SendProtocolFrame
                0x02020f68                sgIP_ARP_ProcessARPFrame
 .text          0x020210e4      0xc24 c:/toolchain_generic/6.2_2016q4/arm-none-eabi/lib/newlib-nano-2.1-nds/\libtoolchaingen9.a(sgIP_DHCP.o)
                0x020210e4                sgIP_DHCP_Init
                0x0202112c                sgIP_DHCP_SetHostName
                0x02021154                sgIP_DHCP_IsDhcpIp
                0x02021170                sgIP_DHCP_SendDgram
                0x020211f8                sgIP_DHCP_BeginDgram
                0x0202148c                sgIP_DHCP_Terminate
                0x020214d4                sgIP_DHCP_Start
                0x020215a4                sgIP_DHCP_Release
                0x020215e4                sgIP_DHCP_Update
                0x02021c00                gethostname
                0x02021c60                sethostname
 .text          0x02021d08      0x1d8 c:/toolchain_generic/6.2_2016q4/arm-none-eabi/lib/newlib-nano-2.1-nds/\libtoolchaingen9.a(sgIP_IP.o)
                0x02021d08                sgIP_IP_ReceivePacket
                0x02021e04                sgIP_IP_MaxContentsSize
                0x02021e14                sgIP_IP_RequiredHeaderSize
                0x02021e1c                sgIP_IP_SendViaIP
                0x02021ed0                sgIP_IP_GetLocalBindAddr
 .text          0x02021ee0     0x1854 c:/toolchain_generic/6.2_2016q4/arm-none-eabi/lib/newlib-nano-2.1-nds/\libtoolchaingen9.a(sgIP_TCP.o)
                0x02021ee0                sgIP_TCP_Init
                0x02021f14                sgIP_TCP_support_seqhash
                0x02021f84                sgIP_TCP_GetUnusedOutgoingPort
                0x02022030                sgIP_TCP_CalcChecksum
                0x020220b4                sgIP_TCP_GenHeader
                0x020221c4                sgIP_TCP_FixChecksum
                0x02022248                sgIP_TCP_SendPacket
                0x0202234c                sgIP_TCP_SendSynReply
                0x02022420                sgIP_TCP_Timer
                0x02022718                sgIP_TCP_AllocRecord
                0x02022790                sgIP_TCP_ReceivePacket
                0x02023058                sgIP_TCP_FreeRecord
                0x020231a4                sgIP_TCP_Bind
                0x020231e0                sgIP_TCP_Listen
                0x02023264                sgIP_TCP_Accept
                0x0202331c                sgIP_TCP_Close
                0x02023360                sgIP_TCP_Connect
                0x0202349c                sgIP_TCP_Send
                0x020235f4                sgIP_TCP_Recv
 .text          0x02023734      0x650 c:/toolchain_generic/6.2_2016q4/arm-none-eabi/lib/newlib-nano-2.1-nds/\libtoolchaingen9.a(sgIP_UDP.o)
                0x02023734                sgIP_UDP_Init
                0x02023750                sgIP_UDP_GetUnusedOutgoingPort
                0x020237f8                sgIP_UDP_CalcChecksum
                0x02023884                sgIP_UDP_ReceivePacket
                0x0202398c                sgIP_UDP_SendPacket
                0x02023acc                sgIP_UDP_AllocRecord
                0x02023b24                sgIP_UDP_FreeRecord
                0x02023bbc                sgIP_UDP_Bind
                0x02023c18                sgIP_UDP_RecvFrom
                0x02023d78                sgIP_UDP_SendTo
 *fill*         0x02023d84        0xc ff
 .text          0x02023d90      0x18c c:/toolchain_generic/6.2_2016q4/arm-none-eabi/lib/newlib-nano-2.1-nds/\libtoolchaingen9.a(proc-arm946.o)
                0x02023d90                cpu_arm946_switch_mm
                0x02023d90                cpu_arm946_proc_init
                0x02023d94                cpu_arm946_proc_fin
                0x02023da8                cpu_arm946_reset
                0x02023dcc                flush_icache_all
                0x02023dd8                flush_user_cache_all
                0x02023dd8                flush_kern_cache_all
                0x02023e0c                flush_user_cache_range
                0x02023e4c                coherent_user_range
                0x02023e4c                coherent_kern_range
                0x02023e70                flush_kern_dcache_area
                0x02023e94                flush_dcache_area
                0x02023eb4                dma_inv_range
                0x02023ee0                dma_clean_range
                0x02023efc                dma_flush_range
                0x02023f18                dma_unmap_area
 .text          0x02023f1c      0x57c c:/toolchain_generic/6.2_2016q4/arm-none-eabi/lib/newlib-nano-2.1-nds/\libtoolchaingen9.a(inffast.o)
                0x02023f1c                inflate_fast
 .text          0x02024498       0x9c c:/toolchain_generic/6.2_2016q4/arm-none-eabi/lib/newlib-nano-2.1-nds/\libtoolchaingen9.a(sgIP_ICMP.o)
                0x02024498                sgIP_ICMP_Init
                0x0202449c                sgIP_ICMP_ReceivePacket
 .text          0x02024534       0x48 c:/toolchain_generic/6.2_2016q4/arm-none-eabi/lib/newlib-nano-2.1-nds/\libcnano9.a(__aeabi_idiv.o)
                0x02024534                __aeabi_idiv
 .text          0x0202457c        0x8 c:/toolchain_generic/6.2_2016q4/arm-none-eabi/lib/newlib-nano-2.1-nds/\libcnano9.a(__aeabi_uidiv.o)
                0x0202457c                __aeabi_uidiv
 .text          0x02024584       0x5c c:/toolchain_generic/6.2_2016q4/arm-none-eabi/lib/newlib-nano-2.1-nds/\libcnano9.a(__udivmodsi4.o)
                0x02024584                __udivmodsi4
 .text          0x020245e0        0x0 c:/toolchain_generic/6.2_2016q4/arm-none-eabi/lib/newlib-nano-2.1-nds/\libcnano9.a(ctype_.o)
 .text          0x020245e0       0x10 c:/toolchain_generic/6.2_2016q4/arm-none-eabi/lib/newlib-nano-2.1-nds/\libcnano9.a(errno.o)
                0x020245e0                __errno
 .text          0x020245f0      0x114 c:/toolchain_generic/6.2_2016q4/arm-none-eabi/lib/newlib-nano-2.1-nds/\libcnano9.a(memcpy.o)
                0x020245f0                memcpy
 .text          0x02024704       0xf0 c:/toolchain_generic/6.2_2016q4/arm-none-eabi/lib/newlib-nano-2.1-nds/\libcnano9.a(strcpy.o)
                0x02024704                strcpy
 .text          0x020247f4       0x78 c:/toolchain_generic/6.2_2016q4/arm-none-eabi/lib/newlib-nano-2.1-nds/\libcnano9.a(init.o)
                0x020247f4                __libc_init_array
 .text          0x0202486c        0x0 c:/toolchain_generic/6.2_2016q4/arm-none-eabi/lib/newlib-nano-2.1-nds/\libcnano9.a(impure.o)
 .text          0x0202486c      0x100 c:/toolchain_generic/6.2_2016q4/arm-none-eabi/lib/newlib-nano-2.1-nds/\libcnano9.a(fclose.o)
                0x0202486c                _fclose_r
                0x02024958                fclose
 .text          0x0202496c      0x26c c:/toolchain_generic/6.2_2016q4/arm-none-eabi/lib/newlib-nano-2.1-nds/\libcnano9.a(fflush.o)
                0x0202496c                __sflush_r
                0x02024b58                _fflush_r
                0x02024ba8                fflush
 .text          0x02024bd8      0x36c c:/toolchain_generic/6.2_2016q4/arm-none-eabi/lib/newlib-nano-2.1-nds/\libcnano9.a(findfp.o)
                0x02024be0                _cleanup_r
                0x02024da8                __sfmoreglue
                0x02024df0                __sfp
                0x02024ee4                _cleanup
                0x02024ef4                __sinit
                0x02024f04                __sfp_lock_acquire
                0x02024f08                __sfp_lock_release
                0x02024f0c                __sinit_lock_acquire
                0x02024f10                __sinit_lock_release
                0x02024f14                __fp_lock_all
                0x02024f2c                __fp_unlock_all
 .text          0x02024f44      0x108 c:/toolchain_generic/6.2_2016q4/arm-none-eabi/lib/newlib-nano-2.1-nds/\libcnano9.a(fopen.o)
                0x02024f44                _fopen_r
                0x02025034                fopen
 .text          0x0202504c      0x23c c:/toolchain_generic/6.2_2016q4/arm-none-eabi/lib/newlib-nano-2.1-nds/\libcnano9.a(fread.o)
                0x0202504c                _fread_r
                0x02025254                fread
 .text          0x02025288       0x20 c:/toolchain_generic/6.2_2016q4/arm-none-eabi/lib/newlib-nano-2.1-nds/\libcnano9.a(fseek.o)
                0x02025288                _fseek_r
                0x0202528c                fseek
 .text          0x020252a8      0x1f4 c:/toolchain_generic/6.2_2016q4/arm-none-eabi/lib/newlib-nano-2.1-nds/\libcnano9.a(fseeko.o)
                0x020252a8                _fseeko_r
                0x02025480                fseeko
 .text          0x0202549c       0x18 c:/toolchain_generic/6.2_2016q4/arm-none-eabi/lib/newlib-nano-2.1-nds/\libcnano9.a(ftell.o)
                0x0202549c                _ftell_r
                0x020254a0                ftell
 .text          0x020254b4       0xe8 c:/toolchain_generic/6.2_2016q4/arm-none-eabi/lib/newlib-nano-2.1-nds/\libcnano9.a(ftello.o)
                0x020254b4                _ftello_r
                0x02025588                ftello
 .text          0x0202559c       0xf8 c:/toolchain_generic/6.2_2016q4/arm-none-eabi/lib/newlib-nano-2.1-nds/\libcnano9.a(fwalk.o)
                0x0202559c                _fwalk
                0x02025614                _fwalk_reent
 .text          0x02025694      0x154 c:/toolchain_generic/6.2_2016q4/arm-none-eabi/lib/newlib-nano-2.1-nds/\libcnano9.a(fwrite.o)
                0x02025694                _fwrite_r
                0x020257b4                fwrite
 .text          0x020257e8      0x118 c:/toolchain_generic/6.2_2016q4/arm-none-eabi/lib/newlib-nano-2.1-nds/\libcnano9.a(makebuf.o)
                0x020257e8                __smakebuf_r
 .text          0x02025900       0x74 c:/toolchain_generic/6.2_2016q4/arm-none-eabi/lib/newlib-nano-2.1-nds/\libcnano9.a(printf.o)
                0x02025900                _printf_r
                0x02025900                _iprintf_r
                0x02025934                iprintf
                0x02025934                printf
 .text          0x02025974      0x198 c:/toolchain_generic/6.2_2016q4/arm-none-eabi/lib/newlib-nano-2.1-nds/\libcnano9.a(puts.o)
                0x02025974                _puts_r
                0x02025af8                puts
 .text          0x02025b0c      0x1d8 c:/toolchain_generic/6.2_2016q4/arm-none-eabi/lib/newlib-nano-2.1-nds/\libcnano9.a(refill.o)
                0x02025b28                __srefill_r
 .text          0x02025ce4       0x14 c:/toolchain_generic/6.2_2016q4/arm-none-eabi/lib/newlib-nano-2.1-nds/\libcnano9.a(setbuf.o)
                0x02025ce4                setbuf
 .text          0x02025cf8      0x174 c:/toolchain_generic/6.2_2016q4/arm-none-eabi/lib/newlib-nano-2.1-nds/\libcnano9.a(setvbuf.o)
                0x02025cf8                setvbuf
 .text          0x02025e6c      0x1b8 c:/toolchain_generic/6.2_2016q4/arm-none-eabi/lib/newlib-nano-2.1-nds/\libcnano9.a(snprintf.o)
                0x02025e6c                _sniprintf_r
                0x02025e6c                _snprintf_r
                0x02025f40                sniprintf
                0x02025f40                snprintf
 .text          0x02026024       0xd8 c:/toolchain_generic/6.2_2016q4/arm-none-eabi/lib/newlib-nano-2.1-nds/\libcnano9.a(sprintf.o)
                0x02026024                _sprintf_r
                0x02026024                _siprintf_r
                0x02026088                siprintf
                0x02026088                sprintf
 .text          0x020260fc      0x100 c:/toolchain_generic/6.2_2016q4/arm-none-eabi/lib/newlib-nano-2.1-nds/\libcnano9.a(sscanf.o)
                0x020260fc                sscanf
                0x020260fc                siscanf
                0x0202617c                _sscanf_r
                0x0202617c                _siscanf_r
 .text          0x020261fc       0xc0 c:/toolchain_generic/6.2_2016q4/arm-none-eabi/lib/newlib-nano-2.1-nds/\libcnano9.a(stdio.o)
                0x020261fc                __sread
                0x0202622c                __seofread
                0x02026234                __swrite
                0x02026288                __sseek
                0x020262b4                __sclose
 .text          0x020262bc       0xe4 c:/toolchain_generic/6.2_2016q4/arm-none-eabi/lib/newlib-nano-2.1-nds/\libcnano9.a(vsnprintf.o)
                0x020262bc                _vsnprintf_r
                0x020262bc                _vsniprintf_r
                0x0202636c                vsniprintf
                0x0202636c                vsnprintf
 .text          0x020263a0      0x120 c:/toolchain_generic/6.2_2016q4/arm-none-eabi/lib/newlib-nano-2.1-nds/\libcnano9.a(wbuf.o)
                0x020263a0                __swbuf_r
                0x020264a8                __swbuf
 .text          0x020264c0      0x154 c:/toolchain_generic/6.2_2016q4/arm-none-eabi/lib/newlib-nano-2.1-nds/\libcnano9.a(wsetup.o)
                0x020264c0                __swsetup_r
 .text          0x02026614        0x8 c:/toolchain_generic/6.2_2016q4/arm-none-eabi/lib/newlib-nano-2.1-nds/\libcnano9.a(freer.o)
                0x02026614                _free_r
 .text          0x0202661c     0x121c c:/toolchain_generic/6.2_2016q4/arm-none-eabi/lib/newlib-nano-2.1-nds/\libcnano9.a(mallocr.o)
                0x0202661c                malloc_trim
                0x020266dc                free
                0x020269a8                malloc
                0x020270a0                calloc
                0x02027164                realloc
                0x020276ac                memalign
                0x020277dc                cfree
                0x020277e0                malloc_usable_size
                0x02027824                _malloc_r
                0x0202782c                _realloc_r
 .text          0x02027838      0x764 c:/toolchain_generic/6.2_2016q4/arm-none-eabi/lib/newlib-nano-2.1-nds/\libcnano9.a(svfscanf.o)
                0x02027838                _sungetc_r
                0x02027920                __ssrefill_r
                0x0202798c                __ssvfiscanf_r
                0x0202798c                __ssvfscanf_r
 .text          0x02027f9c      0x104 c:/toolchain_generic/6.2_2016q4/arm-none-eabi/lib/newlib-nano-2.1-nds/\libcnano9.a(memchr.o)
                0x02027f9c                memchr
 .text          0x020280a0      0x148 c:/toolchain_generic/6.2_2016q4/arm-none-eabi/lib/newlib-nano-2.1-nds/\libcnano9.a(memmove.o)
                0x020280a0                memmove
 .text          0x020281e8      0x110 c:/toolchain_generic/6.2_2016q4/arm-none-eabi/lib/newlib-nano-2.1-nds/\libcnano9.a(memset.o)
                0x020281e8                memset
 .text          0x020282f8       0x6c c:/toolchain_generic/6.2_2016q4/arm-none-eabi/lib/newlib-nano-2.1-nds/\libcnano9.a(strcasecmp.o)
                0x020282f8                strcasecmp
 .text          0x02028364      0x1a8 c:/toolchain_generic/6.2_2016q4/arm-none-eabi/lib/newlib-nano-2.1-nds/\libcnano9.a(strchr.o)
                0x02028364                strchr
 .text          0x0202850c       0xfc c:/toolchain_generic/6.2_2016q4/arm-none-eabi/lib/newlib-nano-2.1-nds/\libcnano9.a(strcmp.o)
                0x0202850c                strcmp
 .text          0x02028608       0x14 c:/toolchain_generic/6.2_2016q4/arm-none-eabi/lib/newlib-nano-2.1-nds/\libcnano9.a(strdup.o)
                0x02028608                strdup
 .text          0x0202861c       0x40 c:/toolchain_generic/6.2_2016q4/arm-none-eabi/lib/newlib-nano-2.1-nds/\libcnano9.a(strdup_r.o)
                0x0202861c                _strdup_r
 .text          0x0202865c       0xb0 c:/toolchain_generic/6.2_2016q4/arm-none-eabi/lib/newlib-nano-2.1-nds/\libcnano9.a(strlen.o)
                0x0202865c                strlen
 .text          0x0202870c      0x108 c:/toolchain_generic/6.2_2016q4/arm-none-eabi/lib/newlib-nano-2.1-nds/\libcnano9.a(strncmp.o)
                0x0202870c                strncmp
 .text          0x02028814       0xd8 c:/toolchain_generic/6.2_2016q4/arm-none-eabi/lib/newlib-nano-2.1-nds/\libcnano9.a(strncpy.o)
                0x02028814                strncpy
 .text          0x020288ec       0x40 c:/toolchain_generic/6.2_2016q4/arm-none-eabi/lib/newlib-nano-2.1-nds/\libcnano9.a(strrchr.o)
                0x020288ec                strrchr
 .text          0x0202892c      0x818 c:/toolchain_generic/6.2_2016q4/arm-none-eabi/lib/newlib-nano-2.1-nds/\libcnano9.a(strstr.o)
                0x02028dd0                strstr
 .text          0x02029144       0x1c c:/toolchain_generic/6.2_2016q4/arm-none-eabi/lib/newlib-nano-2.1-nds/\libcnano9.a(sysread.o)
                0x02029144                read
 .text          0x02029160       0x14 c:/toolchain_generic/6.2_2016q4/arm-none-eabi/lib/newlib-nano-2.1-nds/\libcnano9.a(syssbrk.o)
                0x02029160                sbrk
 .text          0x02029174       0x1c c:/toolchain_generic/6.2_2016q4/arm-none-eabi/lib/newlib-nano-2.1-nds/\libcnano9.a(syswrite.o)
                0x02029174                write
 .text          0x02029190       0x18 c:/toolchain_generic/6.2_2016q4/arm-none-eabi/lib/newlib-nano-2.1-nds/\libcnano9.a(__aeabi_uidivmod.o)
                0x02029190                __aeabi_uidivmod
 .text          0x020291a8      0x62c c:/toolchain_generic/6.2_2016q4/arm-none-eabi/lib/newlib-nano-2.1-nds/\libcnano9.a(svfprintf.o)
                0x020291a8                __ssputs_r
                0x020292d0                __ssprint_r
                0x02029458                _svfprintf_r
                0x020297d0                _svfiprintf_r
 .text          0x020297d4       0x38 c:/toolchain_generic/6.2_2016q4/arm-none-eabi/lib/newlib-nano-2.1-nds/\libcnano9.a(isattyr.o)
                0x020297d4                _isatty_r
 .text          0x0202980c      0x11c c:/toolchain_generic/6.2_2016q4/arm-none-eabi/lib/newlib-nano-2.1-nds/\libcnano9.a(reent.o)
                0x0202980c                cleanup_glue
                0x02029838                _reclaim_reent
 .text          0x02029928       0xa8 c:/toolchain_generic/6.2_2016q4/arm-none-eabi/lib/newlib-nano-2.1-nds/\libcnano9.a(flags.o)
                0x02029928                __sflags
 .text          0x020299d0       0xcc c:/toolchain_generic/6.2_2016q4/arm-none-eabi/lib/newlib-nano-2.1-nds/\libcnano9.a(sccl.o)
                0x020299d0                __sccl
 .text          0x02029a9c      0x224 c:/toolchain_generic/6.2_2016q4/arm-none-eabi/lib/newlib-nano-2.1-nds/\libcnano9.a(ungetc.o)
                0x02029a9c                __submore
                0x02029b48                _ungetc_r
                0x02029ca8                ungetc
 .text          0x02029cc0      0x5f4 c:/toolchain_generic/6.2_2016q4/arm-none-eabi/lib/newlib-nano-2.1-nds/\libcnano9.a(vfprintf_i.o)
                0x02029cc0                _printf_common
                0x02029e88                _printf_i
 .text          0x0202a2b4      0x4ac c:/toolchain_generic/6.2_2016q4/arm-none-eabi/lib/newlib-nano-2.1-nds/\libcnano9.a(vfscanf_i.o)
                0x0202a2b4                _scanf_chars
                0x0202a410                _scanf_i
 .text          0x0202a760      0x254 c:/toolchain_generic/6.2_2016q4/arm-none-eabi/lib/newlib-nano-2.1-nds/\libcnano9.a(strtol.o)
                0x0202a760                _strtol_r
                0x0202a998                strtol
 .text          0x0202a9b4      0x204 c:/toolchain_generic/6.2_2016q4/arm-none-eabi/lib/newlib-nano-2.1-nds/\libcnano9.a(strtoul.o)
                0x0202a9b4                _strtoul_r
                0x0202ab9c                strtoul
 .text          0x0202abb8       0xe8 c:/toolchain_generic/6.2_2016q4/arm-none-eabi/lib/newlib-nano-2.1-nds/\libcnano9.a(memcmp.o)
                0x0202abb8                memcmp
 .text          0x0202aca0        0x0 c:/toolchain_generic/6.2_2016q4/bin/../lib/gcc/arm-none-eabi/6.2.1/crtend.o
 .text          0x0202aca0        0x0 c:/toolchain_generic/6.2_2016q4/bin/../lib/gcc/arm-none-eabi/6.2.1/crtn.o
 *(.text*)
 .text.startup  0x0202aca0      0x30c build/main.o
                0x0202aca0                main
 *(.gnu.linkonce.t*)
                0x0202afac                . = ALIGN (0x4)
                0x0202afac                __text_end__ = .
                0x0202afac                __bss_vma_start = .

.glue_7         0x0202afac        0x0
 .glue_7        0x0202afac        0x0 linker stubs

.glue_7t        0x0202afac        0x0
 .glue_7t       0x0202afac        0x0 linker stubs

.bss            0x0202afac    0x1e9e8
 *(.dynbss*)
 *(.bss)
 .bss           0x0202afac        0x0 ./build/nds_arm_ld_crt0.o
 .bss           0x0202afac        0x0 c:/toolchain_generic/6.2_2016q4/bin/../lib/gcc/arm-none-eabi/6.2.1/crti.o
 .bss           0x0202afac       0x1c c:/toolchain_generic/6.2_2016q4/bin/../lib/gcc/arm-none-eabi/6.2.1/crtbegin.o
 .bss           0x0202afc8        0x8 build/main.o
 .bss           0x0202afd0        0x0 build/Interrupts_app9.o
 .bss           0x0202afd0        0x0 build/gui_console_connector.o
 .bss           0x0202afd0        0x0 build/dswnifi.o
 .bss           0x0202afd0        0x0 build/specific_shared.o
 .bss           0x0202afd0     0x10dc c:/toolchain_generic/6.2_2016q4/arm-none-eabi/lib/newlib-nano-2.1-nds/\libtoolchaingen9.a(dswnifi_lib.o)
                0x0202afd0                remoteSendFnc
                0x0202afd4                remoteRecvFnc
                0x0202afd8                remoteInitFnc
                0x0202afdc                remoteCleanUpFnc
                0x0202afe0                FrameRecvBlock
                0x0202afe8                dswifiSrv
                0x0202aff8                data
                0x0202bff8                client_http_handler_context
                0x0202c070                sentReq
                0x0202c074                nifi_stat
                0x0202c078                FrameSenderUser
                0x0202c07c                FrameSenderBlock
                0x0202c084                remoteResumed
                0x0202c085                remoteConnected
                0x0202c088                guest_framecount
                0x0202c08c                host_framecount
                0x0202c090                guest_vcount
                0x0202c094                host_vcount
                0x0202c098                plykeys2
                0x0202c09c                plykeys1
                0x0202c0a0                nifi_keys_sync
                0x0202c0a4                nifi_keys
                0x0202c0a8                nifi_cmd
 .bss           0x0202c0ac      0x134 c:/toolchain_generic/6.2_2016q4/arm-none-eabi/lib/newlib-nano-2.1-nds/\libtoolchaingen9.a(consoleTGDS.o)
                0x0202c0ac                DefaultSessionConsole
                0x0202c0b0                GUI
                0x0202c0e4                g_printfbuf
                0x0202c148                CustomConsole
                0x0202c194                DefaultConsole
 .bss           0x0202c1e0        0x0 c:/toolchain_generic/6.2_2016q4/arm-none-eabi/lib/newlib-nano-2.1-nds/\libtoolchaingen9.a(katakana_12.o)
 .bss           0x0202c1e0        0x0 c:/toolchain_generic/6.2_2016q4/arm-none-eabi/lib/newlib-nano-2.1-nds/\libtoolchaingen9.a(trebuchet_9.o)
 .bss           0x0202c1e0       0x28 c:/toolchain_generic/6.2_2016q4/arm-none-eabi/lib/newlib-nano-2.1-nds/\libtoolchaingen9.a(guiTGDS.o)
                0x0202c1e0                PendingMessage
                0x0202c1f0                g_event
                0x0202c204                scr_main
 .bss           0x0202c208        0x0 c:/toolchain_generic/6.2_2016q4/arm-none-eabi/lib/newlib-nano-2.1-nds/\libtoolchaingen9.a(gui_widgets.o)
 .bss           0x0202c208        0x0 c:/toolchain_generic/6.2_2016q4/arm-none-eabi/lib/newlib-nano-2.1-nds/\libtoolchaingen9.a(snemul_str_cat.o)
 .bss           0x0202c208        0x0 c:/toolchain_generic/6.2_2016q4/arm-none-eabi/lib/newlib-nano-2.1-nds/\libtoolchaingen9.a(snemul_str_dan.o)
 .bss           0x0202c208        0x0 c:/toolchain_generic/6.2_2016q4/arm-none-eabi/lib/newlib-nano-2.1-nds/\libtoolchaingen9.a(snemul_str_eng.o)
 .bss           0x0202c208        0x0 c:/toolchain_generic/6.2_2016q4/arm-none-eabi/lib/newlib-nano-2.1-nds/\libtoolchaingen9.a(snemul_str_fr.o)
 .bss           0x0202c208        0x0 c:/toolchain_generic/6.2_2016q4/arm-none-eabi/lib/newlib-nano-2.1-nds/\libtoolchaingen9.a(snemul_str_ger.o)
 .bss           0x0202c208        0x0 c:/toolchain_generic/6.2_2016q4/arm-none-eabi/lib/newlib-nano-2.1-nds/\libtoolchaingen9.a(snemul_str_ita.o)
 .bss           0x0202c208        0x0 c:/toolchain_generic/6.2_2016q4/arm-none-eabi/lib/newlib-nano-2.1-nds/\libtoolchaingen9.a(snemul_str_jpn.o)
 .bss           0x0202c208        0x0 c:/toolchain_generic/6.2_2016q4/arm-none-eabi/lib/newlib-nano-2.1-nds/\libtoolchaingen9.a(snemul_str_nl.o)
 .bss           0x0202c208        0x0 c:/toolchain_generic/6.2_2016q4/arm-none-eabi/lib/newlib-nano-2.1-nds/\libtoolchaingen9.a(snemul_str_pol.o)
 .bss           0x0202c208        0x0 c:/toolchain_generic/6.2_2016q4/arm-none-eabi/lib/newlib-nano-2.1-nds/\libtoolchaingen9.a(snemul_str_pt.o)
 .bss           0x0202c208        0x0 c:/toolchain_generic/6.2_2016q4/arm-none-eabi/lib/newlib-nano-2.1-nds/\libtoolchaingen9.a(snemul_str_spa.o)
 .bss           0x0202c208     0x1104 c:/toolchain_generic/6.2_2016q4/arm-none-eabi/lib/newlib-nano-2.1-nds/\libtoolchaingen9.a(fsfatlayerTGDS.o)
                0x0202c208                charbuf
                0x0202c40c                dldiFs
                0x0202c644                lfnName
                0x0202c848                curDirListed
                0x0202ca4c                fdCur
 .bss           0x0202d30c        0x0 c:/toolchain_generic/6.2_2016q4/arm-none-eabi/lib/newlib-nano-2.1-nds/\libtoolchaingen9.a(dldi.o)
 .bss           0x0202d30c        0xe c:/toolchain_generic/6.2_2016q4/arm-none-eabi/lib/newlib-nano-2.1-nds/\libtoolchaingen9.a(ff.o)
 .bss           0x0202d31a        0x0 c:/toolchain_generic/6.2_2016q4/arm-none-eabi/lib/newlib-nano-2.1-nds/\libtoolchaingen9.a(ffunicode.o)
 .bss           0x0202d31a        0x0 c:/toolchain_generic/6.2_2016q4/arm-none-eabi/lib/newlib-nano-2.1-nds/\libtoolchaingen9.a(compress.o)
 .bss           0x0202d31a        0x0 c:/toolchain_generic/6.2_2016q4/arm-none-eabi/lib/newlib-nano-2.1-nds/\libtoolchaingen9.a(deflate.o)
 .bss           0x0202d31a        0x0 c:/toolchain_generic/6.2_2016q4/arm-none-eabi/lib/newlib-nano-2.1-nds/\libtoolchaingen9.a(trees.o)
 .bss           0x0202d31a        0x0 c:/toolchain_generic/6.2_2016q4/arm-none-eabi/lib/newlib-nano-2.1-nds/\libtoolchaingen9.a(uncompr.o)
 .bss           0x0202d31a        0x0 c:/toolchain_generic/6.2_2016q4/arm-none-eabi/lib/newlib-nano-2.1-nds/\libtoolchaingen9.a(zutil.o)
 *fill*         0x0202d31a        0x2 ff
 .bss           0x0202d31c     0x5cb4 c:/toolchain_generic/6.2_2016q4/arm-none-eabi/lib/newlib-nano-2.1-nds/\libtoolchaingen9.a(sgIP_DNS.o)
                0x0202d31c                ipaddr_alias
                0x0202d41c                dnsrecords
                0x0203265c                dns_sock
                0x02032660                time_count
                0x02032664                dnsrecord_return
                0x02032b88                alias_list
                0x02032b9c                addr_list
                0x02032bb0                dnsrecord_hostent
                0x02032bc4                responsedata
                0x02032dc4                ipaddr_ip
                0x02032dc8                querydata
                0x02032fc8                last_id
                0x02032fcc                query_time_start
 .bss           0x02032fd0       0x40 c:/toolchain_generic/6.2_2016q4/arm-none-eabi/lib/newlib-nano-2.1-nds/\libtoolchaingen9.a(sgIP_Hub.o)
                0x02032fd0                NumHWInterfaces
                0x02032fd4                NumProtocolInterfaces
                0x02032fd8                ProtocolInterfaces
                0x02032fe0                HWInterfaces
 .bss           0x02033010        0x0 c:/toolchain_generic/6.2_2016q4/arm-none-eabi/lib/newlib-nano-2.1-nds/\libtoolchaingen9.a(sgIP_memblock.o)
 .bss           0x02033010      0x100 c:/toolchain_generic/6.2_2016q4/arm-none-eabi/lib/newlib-nano-2.1-nds/\libtoolchaingen9.a(sgIP_sockets.o)
                0x02033010                socketlist
 .bss           0x02033110     0x9fbc c:/toolchain_generic/6.2_2016q4/arm-none-eabi/lib/newlib-nano-2.1-nds/\libtoolchaingen9.a(wifi_arm9.o)
                0x02033110                WifiData
                0x02033114                synchandler
                0x02033118                wHeapStart
                0x0203311c                wHeapFirst
                0x02033120                packethandler
                0x02033124                wifi_connect_state
                0x02033128                wifi_connect_point
                0x02033180                wifi_hw
                0x02033184                Wifi_Data_Struct
                0x0203d0c8                wHeapsize
 .bss           0x0203d0cc        0x8 c:/toolchain_generic/6.2_2016q4/arm-none-eabi/lib/newlib-nano-2.1-nds/\libtoolchaingen9.a(keypadTGDS.o)
                0x0203d0cc                last_frame_keys_arm9
                0x0203d0d0                global_keys_arm9
 .bss           0x0203d0d4        0x0 c:/toolchain_generic/6.2_2016q4/arm-none-eabi/lib/newlib-nano-2.1-nds/\libtoolchaingen9.a(posixHandleTGDS.o)
 .bss           0x0203d0d4        0x0 c:/toolchain_generic/6.2_2016q4/arm-none-eabi/lib/newlib-nano-2.1-nds/\libtoolchaingen9.a(wifi_shared.o)
 .bss           0x0203d0d4        0x0 c:/toolchain_generic/6.2_2016q4/arm-none-eabi/lib/newlib-nano-2.1-nds/\libtoolchaingen9.a(biosC.o)
 .bss           0x0203d0d4       0x80 c:/toolchain_generic/6.2_2016q4/arm-none-eabi/lib/newlib-nano-2.1-nds/\libtoolchaingen9.a(exceptionTGDS.o)
                0x0203d0d4                exceptionArmRegs
 .bss           0x0203d154        0x0 c:/toolchain_generic/6.2_2016q4/arm-none-eabi/lib/newlib-nano-2.1-nds/\libtoolchaingen9.a(initNDSTGDS.o)
 .bss           0x0203d154       0x1c c:/toolchain_generic/6.2_2016q4/arm-none-eabi/lib/newlib-nano-2.1-nds/\libtoolchaingen9.a(memoryHandleTGDS.o)
                0x0203d154                vramLMAstartARM9
                0x0203d15c                HeapBlockOfst
                0x0203d160                vramDBlockOfst
                0x0203d164                vramCBlockOfst
                0x0203d168                vramBBlockOfst
                0x0203d16c                vramABlockOfst
 .bss           0x0203d170      0xbb8 c:/toolchain_generic/6.2_2016q4/arm-none-eabi/lib/newlib-nano-2.1-nds/\libtoolchaingen9.a(utilsTGDS.o)
                0x0203d170                app_version_static
                0x0203d270                Methods
                0x0203dab0                Version
                0x0203dcb0                ip_decimal
 .bss           0x0203dd28        0x4 c:/toolchain_generic/6.2_2016q4/arm-none-eabi/lib/newlib-nano-2.1-nds/\libtoolchaingen9.a(InterruptsARMCores_c.o)
                0x0203dd28                GLOBAL_IME
 .bss           0x0203dd2c        0x0 c:/toolchain_generic/6.2_2016q4/arm-none-eabi/lib/newlib-nano-2.1-nds/\libtoolchaingen9.a(busTGDS.o)
 .bss           0x0203dd2c        0x0 c:/toolchain_generic/6.2_2016q4/arm-none-eabi/lib/newlib-nano-2.1-nds/\libtoolchaingen9.a(clockTGDS.o)
 .bss           0x0203dd2c        0x4 c:/toolchain_generic/6.2_2016q4/arm-none-eabi/lib/newlib-nano-2.1-nds/\libtoolchaingen9.a(ipcfifoTGDS.o)
                0x0203dd2c                FIFO_SOFT_PTR
 .bss           0x0203dd30        0x0 c:/toolchain_generic/6.2_2016q4/arm-none-eabi/lib/newlib-nano-2.1-nds/\libtoolchaingen9.a(powerTGDS.o)
 .bss           0x0203dd30        0x0 c:/toolchain_generic/6.2_2016q4/arm-none-eabi/lib/newlib-nano-2.1-nds/\libtoolchaingen9.a(spitscTGDS.o)
 .bss           0x0203dd30        0x0 c:/toolchain_generic/6.2_2016q4/arm-none-eabi/lib/newlib-nano-2.1-nds/\libtoolchaingen9.a(usrsettingsTGDS.o)
 .bss           0x0203dd30        0x0 c:/toolchain_generic/6.2_2016q4/arm-none-eabi/lib/newlib-nano-2.1-nds/\libtoolchaingen9.a(dldi_stub.o)
 .bss           0x0203dd30        0x0 c:/toolchain_generic/6.2_2016q4/arm-none-eabi/lib/newlib-nano-2.1-nds/\libtoolchaingen9.a(spinlockTGDS.o)
 .bss           0x0203dd30        0x0 c:/toolchain_generic/6.2_2016q4/arm-none-eabi/lib/newlib-nano-2.1-nds/\libtoolchaingen9.a(CP15Opcodes.o)
 .bss           0x0203dd30        0x0 c:/toolchain_generic/6.2_2016q4/arm-none-eabi/lib/newlib-nano-2.1-nds/\libtoolchaingen9.a(DebugException.o)
 .bss           0x0203dd30        0x0 c:/toolchain_generic/6.2_2016q4/arm-none-eabi/lib/newlib-nano-2.1-nds/\libtoolchaingen9.a(biosAsm.o)
 .bss           0x0203dd30        0x0 c:/toolchain_generic/6.2_2016q4/arm-none-eabi/lib/newlib-nano-2.1-nds/\libtoolchaingen9.a(InterruptsARMCores_s.o)
 .bss           0x0203dd30        0x0 c:/toolchain_generic/6.2_2016q4/arm-none-eabi/lib/newlib-nano-2.1-nds/\libtoolchaingen9.a(CP15OpcodesC.o)
 .bss           0x0203dd30       0x68 c:/toolchain_generic/6.2_2016q4/arm-none-eabi/lib/newlib-nano-2.1-nds/\libtoolchaingen9.a(nds9_mpu_setup.o)
                0x0203dd30                mpuSetting
 .bss           0x0203dd98       0x12 c:/toolchain_generic/6.2_2016q4/arm-none-eabi/lib/newlib-nano-2.1-nds/\libtoolchaingen9.a(videoTGDS.o)
                0x0203dd98                vramSetupGlobal
 .bss           0x0203ddaa        0x0 c:/toolchain_generic/6.2_2016q4/arm-none-eabi/lib/newlib-nano-2.1-nds/\libtoolchaingen9.a(devoptab_devices.o)
 *fill*         0x0203ddaa        0x2 ff
 .bss           0x0203ddac     0xaf00 c:/toolchain_generic/6.2_2016q4/arm-none-eabi/lib/newlib-nano-2.1-nds/\libtoolchaingen9.a(fileHandleTGDS.o)
                0x0203ddac                files
 .bss           0x02048cac        0x0 c:/toolchain_generic/6.2_2016q4/arm-none-eabi/lib/newlib-nano-2.1-nds/\libtoolchaingen9.a(diskio.o)
 .bss           0x02048cac        0x0 c:/toolchain_generic/6.2_2016q4/arm-none-eabi/lib/newlib-nano-2.1-nds/\libtoolchaingen9.a(adler32.o)
 .bss           0x02048cac        0x0 c:/toolchain_generic/6.2_2016q4/arm-none-eabi/lib/newlib-nano-2.1-nds/\libtoolchaingen9.a(crc32.o)
 .bss           0x02048cac        0x0 c:/toolchain_generic/6.2_2016q4/arm-none-eabi/lib/newlib-nano-2.1-nds/\libtoolchaingen9.a(inflate.o)
 .bss           0x02048cac        0x0 c:/toolchain_generic/6.2_2016q4/arm-none-eabi/lib/newlib-nano-2.1-nds/\libtoolchaingen9.a(inftrees.o)
 .bss           0x02048cac       0x10 c:/toolchain_generic/6.2_2016q4/arm-none-eabi/lib/newlib-nano-2.1-nds/\libtoolchaingen9.a(sgIP.o)
                0x02048cac                sgIP_timems
                0x02048cb0                count_100ms
                0x02048cb4                count_1000ms
                0x02048cb8                sgIP_errno
 .bss           0x02048cbc      0x400 c:/toolchain_generic/6.2_2016q4/arm-none-eabi/lib/newlib-nano-2.1-nds/\libtoolchaingen9.a(sgIP_ARP.o)
                0x02048cbc                ArpRecords
 .bss           0x020490bc       0x84 c:/toolchain_generic/6.2_2016q4/arm-none-eabi/lib/newlib-nano-2.1-nds/\libtoolchaingen9.a(sgIP_DHCP.o)
                0x020490bc                dhcp_socket
                0x020490c0                dhcp_p
                0x020490c4                dhcp_int
                0x020490c8                dhcp_rcvd_ip
                0x020490cc                dhcp_hostname
                0x0204910c                dhcp_status
                0x02049110                dhcp_optionptr
                0x02049114                dhcp_timelastaction
                0x02049118                dhcp_tid
                0x0204911c                dhcp_timestart
                0x02049120                dhcp_requestDNS
                0x02049124                dhcp_serverip
                0x02049128                dhcp_state
                0x0204912c                dhcp_rcvd_gateway
                0x02049130                dhcp_rcvd_snmask
                0x02049134                dhcp_rcvd_dns
 .bss           0x02049140        0x4 c:/toolchain_generic/6.2_2016q4/arm-none-eabi/lib/newlib-nano-2.1-nds/\libtoolchaingen9.a(sgIP_IP.o)
                0x02049140                idnum_count
 .bss           0x02049144      0x810 c:/toolchain_generic/6.2_2016q4/arm-none-eabi/lib/newlib-nano-2.1-nds/\libtoolchaingen9.a(sgIP_TCP.o)
                0x02049144                tcprecords
                0x02049148                numsynlist
                0x0204914c                port_counter
                0x02049150                lasttime
                0x02049154                synlist
 .bss           0x02049954        0x8 c:/toolchain_generic/6.2_2016q4/arm-none-eabi/lib/newlib-nano-2.1-nds/\libtoolchaingen9.a(sgIP_UDP.o)
                0x02049954                udprecords
                0x02049958                udpport_counter
 .bss           0x0204995c        0x0 c:/toolchain_generic/6.2_2016q4/arm-none-eabi/lib/newlib-nano-2.1-nds/\libtoolchaingen9.a(proc-arm946.o)
 .bss           0x0204995c        0x0 c:/toolchain_generic/6.2_2016q4/arm-none-eabi/lib/newlib-nano-2.1-nds/\libtoolchaingen9.a(inffast.o)
 .bss           0x0204995c        0x0 c:/toolchain_generic/6.2_2016q4/arm-none-eabi/lib/newlib-nano-2.1-nds/\libtoolchaingen9.a(sgIP_ICMP.o)
 .bss           0x0204995c        0x0 c:/toolchain_generic/6.2_2016q4/arm-none-eabi/lib/newlib-nano-2.1-nds/\libcnano9.a(__aeabi_idiv.o)
 .bss           0x0204995c        0x0 c:/toolchain_generic/6.2_2016q4/arm-none-eabi/lib/newlib-nano-2.1-nds/\libcnano9.a(__aeabi_uidiv.o)
 .bss           0x0204995c        0x0 c:/toolchain_generic/6.2_2016q4/arm-none-eabi/lib/newlib-nano-2.1-nds/\libcnano9.a(__udivmodsi4.o)
 .bss           0x0204995c        0x0 c:/toolchain_generic/6.2_2016q4/arm-none-eabi/lib/newlib-nano-2.1-nds/\libcnano9.a(ctype_.o)
 .bss           0x0204995c        0x0 c:/toolchain_generic/6.2_2016q4/arm-none-eabi/lib/newlib-nano-2.1-nds/\libcnano9.a(errno.o)
 .bss           0x0204995c        0x0 c:/toolchain_generic/6.2_2016q4/arm-none-eabi/lib/newlib-nano-2.1-nds/\libcnano9.a(memcpy.o)
 .bss           0x0204995c        0x0 c:/toolchain_generic/6.2_2016q4/arm-none-eabi/lib/newlib-nano-2.1-nds/\libcnano9.a(strcpy.o)
 .bss           0x0204995c        0x0 c:/toolchain_generic/6.2_2016q4/arm-none-eabi/lib/newlib-nano-2.1-nds/\libcnano9.a(init.o)
 .bss           0x0204995c        0x0 c:/toolchain_generic/6.2_2016q4/arm-none-eabi/lib/newlib-nano-2.1-nds/\libcnano9.a(impure.o)
 .bss           0x0204995c        0x0 c:/toolchain_generic/6.2_2016q4/arm-none-eabi/lib/newlib-nano-2.1-nds/\libcnano9.a(fclose.o)
 .bss           0x0204995c        0x0 c:/toolchain_generic/6.2_2016q4/arm-none-eabi/lib/newlib-nano-2.1-nds/\libcnano9.a(fflush.o)
 .bss           0x0204995c        0x0 c:/toolchain_generic/6.2_2016q4/arm-none-eabi/lib/newlib-nano-2.1-nds/\libcnano9.a(findfp.o)
 .bss           0x0204995c        0x0 c:/toolchain_generic/6.2_2016q4/arm-none-eabi/lib/newlib-nano-2.1-nds/\libcnano9.a(fopen.o)
 .bss           0x0204995c        0x0 c:/toolchain_generic/6.2_2016q4/arm-none-eabi/lib/newlib-nano-2.1-nds/\libcnano9.a(fread.o)
 .bss           0x0204995c        0x0 c:/toolchain_generic/6.2_2016q4/arm-none-eabi/lib/newlib-nano-2.1-nds/\libcnano9.a(fseek.o)
 .bss           0x0204995c        0x0 c:/toolchain_generic/6.2_2016q4/arm-none-eabi/lib/newlib-nano-2.1-nds/\libcnano9.a(fseeko.o)
 .bss           0x0204995c        0x0 c:/toolchain_generic/6.2_2016q4/arm-none-eabi/lib/newlib-nano-2.1-nds/\libcnano9.a(ftell.o)
 .bss           0x0204995c        0x0 c:/toolchain_generic/6.2_2016q4/arm-none-eabi/lib/newlib-nano-2.1-nds/\libcnano9.a(ftello.o)
 .bss           0x0204995c        0x0 c:/toolchain_generic/6.2_2016q4/arm-none-eabi/lib/newlib-nano-2.1-nds/\libcnano9.a(fwalk.o)
 .bss           0x0204995c        0x0 c:/toolchain_generic/6.2_2016q4/arm-none-eabi/lib/newlib-nano-2.1-nds/\libcnano9.a(fwrite.o)
 .bss           0x0204995c        0x0 c:/toolchain_generic/6.2_2016q4/arm-none-eabi/lib/newlib-nano-2.1-nds/\libcnano9.a(makebuf.o)
 .bss           0x0204995c        0x0 c:/toolchain_generic/6.2_2016q4/arm-none-eabi/lib/newlib-nano-2.1-nds/\libcnano9.a(printf.o)
 .bss           0x0204995c        0x0 c:/toolchain_generic/6.2_2016q4/arm-none-eabi/lib/newlib-nano-2.1-nds/\libcnano9.a(puts.o)
 .bss           0x0204995c        0x0 c:/toolchain_generic/6.2_2016q4/arm-none-eabi/lib/newlib-nano-2.1-nds/\libcnano9.a(refill.o)
 .bss           0x0204995c        0x0 c:/toolchain_generic/6.2_2016q4/arm-none-eabi/lib/newlib-nano-2.1-nds/\libcnano9.a(setbuf.o)
 .bss           0x0204995c        0x0 c:/toolchain_generic/6.2_2016q4/arm-none-eabi/lib/newlib-nano-2.1-nds/\libcnano9.a(setvbuf.o)
 .bss           0x0204995c        0x0 c:/toolchain_generic/6.2_2016q4/arm-none-eabi/lib/newlib-nano-2.1-nds/\libcnano9.a(snprintf.o)
 .bss           0x0204995c        0x0 c:/toolchain_generic/6.2_2016q4/arm-none-eabi/lib/newlib-nano-2.1-nds/\libcnano9.a(sprintf.o)
 .bss           0x0204995c        0x0 c:/toolchain_generic/6.2_2016q4/arm-none-eabi/lib/newlib-nano-2.1-nds/\libcnano9.a(sscanf.o)
 .bss           0x0204995c        0x0 c:/toolchain_generic/6.2_2016q4/arm-none-eabi/lib/newlib-nano-2.1-nds/\libcnano9.a(stdio.o)
 .bss           0x0204995c        0x0 c:/toolchain_generic/6.2_2016q4/arm-none-eabi/lib/newlib-nano-2.1-nds/\libcnano9.a(vsnprintf.o)
 .bss           0x0204995c        0x0 c:/toolchain_generic/6.2_2016q4/arm-none-eabi/lib/newlib-nano-2.1-nds/\libcnano9.a(wbuf.o)
 .bss           0x0204995c        0x0 c:/toolchain_generic/6.2_2016q4/arm-none-eabi/lib/newlib-nano-2.1-nds/\libcnano9.a(wsetup.o)
 .bss           0x0204995c        0x0 c:/toolchain_generic/6.2_2016q4/arm-none-eabi/lib/newlib-nano-2.1-nds/\libcnano9.a(freer.o)
 .bss           0x0204995c       0x34 c:/toolchain_generic/6.2_2016q4/arm-none-eabi/lib/newlib-nano-2.1-nds/\libcnano9.a(mallocr.o)
                0x0204995c                malloc_current_mallinfo
                0x02049984                malloc_top_pad
                0x02049988                malloc_max_sbrked_mem
                0x0204998c                malloc_max_total_mem
 .bss           0x02049990        0x0 c:/toolchain_generic/6.2_2016q4/arm-none-eabi/lib/newlib-nano-2.1-nds/\libcnano9.a(svfscanf.o)
 .bss           0x02049990        0x0 c:/toolchain_generic/6.2_2016q4/arm-none-eabi/lib/newlib-nano-2.1-nds/\libcnano9.a(memchr.o)
 .bss           0x02049990        0x0 c:/toolchain_generic/6.2_2016q4/arm-none-eabi/lib/newlib-nano-2.1-nds/\libcnano9.a(memmove.o)
 .bss           0x02049990        0x0 c:/toolchain_generic/6.2_2016q4/arm-none-eabi/lib/newlib-nano-2.1-nds/\libcnano9.a(memset.o)
 .bss           0x02049990        0x0 c:/toolchain_generic/6.2_2016q4/arm-none-eabi/lib/newlib-nano-2.1-nds/\libcnano9.a(strcasecmp.o)
 .bss           0x02049990        0x0 c:/toolchain_generic/6.2_2016q4/arm-none-eabi/lib/newlib-nano-2.1-nds/\libcnano9.a(strchr.o)
 .bss           0x02049990        0x0 c:/toolchain_generic/6.2_2016q4/arm-none-eabi/lib/newlib-nano-2.1-nds/\libcnano9.a(strcmp.o)
 .bss           0x02049990        0x0 c:/toolchain_generic/6.2_2016q4/arm-none-eabi/lib/newlib-nano-2.1-nds/\libcnano9.a(strdup.o)
 .bss           0x02049990        0x0 c:/toolchain_generic/6.2_2016q4/arm-none-eabi/lib/newlib-nano-2.1-nds/\libcnano9.a(strdup_r.o)
 .bss           0x02049990        0x0 c:/toolchain_generic/6.2_2016q4/arm-none-eabi/lib/newlib-nano-2.1-nds/\libcnano9.a(strlen.o)
 .bss           0x02049990        0x0 c:/toolchain_generic/6.2_2016q4/arm-none-eabi/lib/newlib-nano-2.1-nds/\libcnano9.a(strncmp.o)
 .bss           0x02049990        0x0 c:/toolchain_generic/6.2_2016q4/arm-none-eabi/lib/newlib-nano-2.1-nds/\libcnano9.a(strncpy.o)
 .bss           0x02049990        0x0 c:/toolchain_generic/6.2_2016q4/arm-none-eabi/lib/newlib-nano-2.1-nds/\libcnano9.a(strrchr.o)
 .bss           0x02049990        0x0 c:/toolchain_generic/6.2_2016q4/arm-none-eabi/lib/newlib-nano-2.1-nds/\libcnano9.a(strstr.o)
 .bss           0x02049990        0x0 c:/toolchain_generic/6.2_2016q4/arm-none-eabi/lib/newlib-nano-2.1-nds/\libcnano9.a(sysread.o)
 .bss           0x02049990        0x0 c:/toolchain_generic/6.2_2016q4/arm-none-eabi/lib/newlib-nano-2.1-nds/\libcnano9.a(syssbrk.o)
 .bss           0x02049990        0x0 c:/toolchain_generic/6.2_2016q4/arm-none-eabi/lib/newlib-nano-2.1-nds/\libcnano9.a(syswrite.o)
 .bss           0x02049990        0x0 c:/toolchain_generic/6.2_2016q4/arm-none-eabi/lib/newlib-nano-2.1-nds/\libcnano9.a(__aeabi_uidivmod.o)
 .bss           0x02049990        0x0 c:/toolchain_generic/6.2_2016q4/arm-none-eabi/lib/newlib-nano-2.1-nds/\libcnano9.a(svfprintf.o)
 .bss           0x02049990        0x0 c:/toolchain_generic/6.2_2016q4/arm-none-eabi/lib/newlib-nano-2.1-nds/\libcnano9.a(isattyr.o)
 .bss           0x02049990        0x4 c:/toolchain_generic/6.2_2016q4/arm-none-eabi/lib/newlib-nano-2.1-nds/\libcnano9.a(reent.o)
                0x02049990                errno
 .bss           0x02049994        0x0 c:/toolchain_generic/6.2_2016q4/arm-none-eabi/lib/newlib-nano-2.1-nds/\libcnano9.a(flags.o)
 .bss           0x02049994        0x0 c:/toolchain_generic/6.2_2016q4/arm-none-eabi/lib/newlib-nano-2.1-nds/\libcnano9.a(sccl.o)
 .bss           0x02049994        0x0 c:/toolchain_generic/6.2_2016q4/arm-none-eabi/lib/newlib-nano-2.1-nds/\libcnano9.a(ungetc.o)
 .bss           0x02049994        0x0 c:/toolchain_generic/6.2_2016q4/arm-none-eabi/lib/newlib-nano-2.1-nds/\libcnano9.a(vfprintf_i.o)
 .bss           0x02049994        0x0 c:/toolchain_generic/6.2_2016q4/arm-none-eabi/lib/newlib-nano-2.1-nds/\libcnano9.a(vfscanf_i.o)
 .bss           0x02049994        0x0 c:/toolchain_generic/6.2_2016q4/arm-none-eabi/lib/newlib-nano-2.1-nds/\libcnano9.a(strtol.o)
 .bss           0x02049994        0x0 c:/toolchain_generic/6.2_2016q4/arm-none-eabi/lib/newlib-nano-2.1-nds/\libcnano9.a(strtoul.o)
 .bss           0x02049994        0x0 c:/toolchain_generic/6.2_2016q4/arm-none-eabi/lib/newlib-nano-2.1-nds/\libcnano9.a(memcmp.o)
 .bss           0x02049994        0x0 c:/toolchain_generic/6.2_2016q4/bin/../lib/gcc/arm-none-eabi/6.2.1/crtend.o
 .bss           0x02049994        0x0 c:/toolchain_generic/6.2_2016q4/bin/../lib/gcc/arm-none-eabi/6.2.1/crtn.o
 *(.gnu.linkonce.b*.)
 *(COMMON)
                0x02049994                . = ALIGN (0x4)
                0x02049994                __bss_vma_end = .
                0x02049994                __sbss_start__ = .

.sbss           0x02049994        0x0
 *(.sbss*)
                0x02049994                . = ALIGN (0x4)
                0x02049994                __sbss_vma_end = .
                0x02049994                __data_start__ = .

.data           0x02049998     0x4ac0
 *(.data)
 .data          0x02049998        0x0 ./build/nds_arm_ld_crt0.o
 .data          0x02049998        0x0 c:/toolchain_generic/6.2_2016q4/bin/../lib/gcc/arm-none-eabi/6.2.1/crti.o
 .data          0x02049998        0x4 c:/toolchain_generic/6.2_2016q4/bin/../lib/gcc/arm-none-eabi/6.2.1/crtbegin.o
                0x02049998                __dso_handle
 .data          0x0204999c        0x4 build/main.o
                0x0204999c                len
 .data          0x020499a0        0x0 build/Interrupts_app9.o
 .data          0x020499a0        0x0 build/gui_console_connector.o
 .data          0x020499a0        0x0 build/dswnifi.o
 .data          0x020499a0        0x0 build/specific_shared.o
 .data          0x020499a0       0xf8 c:/toolchain_generic/6.2_2016q4/arm-none-eabi/lib/newlib-nano-2.1-nds/\libtoolchaingen9.a(dswnifi_lib.o)
                0x020499a0                remoteSocket
                0x020499a4                remoteListenSocket
                0x020499a8                remotePort
                0x020499ac                server_ip
                0x020499b0                remoteSignal
                0x020499b4                port
                0x020499b8                nfdata
                0x02049a38                nificrc
                0x02049a58                nificonnect
                0x02049a78                nifitoken
 .data          0x02049a98       0x3a c:/toolchain_generic/6.2_2016q4/arm-none-eabi/lib/newlib-nano-2.1-nds/\libtoolchaingen9.a(consoleTGDS.o)
                0x02049a98                g_katana_jisx0201_conv
 *fill*         0x02049ad2        0x2 ff
 .data          0x02049ad4     0x1020 c:/toolchain_generic/6.2_2016q4/arm-none-eabi/lib/newlib-nano-2.1-nds/\libtoolchaingen9.a(katakana_12.o)
                0x02049ad4                katakana_12_font
                0x02049ae8                font_pj_katakana_12
 .data          0x0204aaf4     0x1da0 c:/toolchain_generic/6.2_2016q4/arm-none-eabi/lib/newlib-nano-2.1-nds/\libtoolchaingen9.a(trebuchet_9.o)
                0x0204aaf4                trebuchet_9_font
                0x0204ab08                font_trebuchet_ms_9
 .data          0x0204c894        0x0 c:/toolchain_generic/6.2_2016q4/arm-none-eabi/lib/newlib-nano-2.1-nds/\libtoolchaingen9.a(guiTGDS.o)
 .data          0x0204c894        0x0 c:/toolchain_generic/6.2_2016q4/arm-none-eabi/lib/newlib-nano-2.1-nds/\libtoolchaingen9.a(gui_widgets.o)